Archive member included to satisfy reference by file (symbol)

c:/setup app/stm32cubeide/stm32cubeide_1.8.0/stm32cubeide/plugins/com.st.stm32cube.ide.mcu.externaltools.gnu-tools-for-stm32.9-2020-q2-update.win32_2.0.0.202105311346/tools/bin/../lib/gcc/arm-none-eabi/9.3.1/../../../../arm-none-eabi/lib/thumb/v6-m/nofp\libc_nano.a(lib_a-errno.o)
                              ./Core/Src/syscalls.o (__errno)
c:/setup app/stm32cubeide/stm32cubeide_1.8.0/stm32cubeide/plugins/com.st.stm32cube.ide.mcu.externaltools.gnu-tools-for-stm32.9-2020-q2-update.win32_2.0.0.202105311346/tools/bin/../lib/gcc/arm-none-eabi/9.3.1/../../../../arm-none-eabi/lib/thumb/v6-m/nofp\libc_nano.a(lib_a-exit.o)
                              c:/setup app/stm32cubeide/stm32cubeide_1.8.0/stm32cubeide/plugins/com.st.stm32cube.ide.mcu.externaltools.gnu-tools-for-stm32.9-2020-q2-update.win32_2.0.0.202105311346/tools/bin/../lib/gcc/arm-none-eabi/9.3.1/../../../../arm-none-eabi/lib/thumb/v6-m/nofp/crt0.o (exit)
c:/setup app/stm32cubeide/stm32cubeide_1.8.0/stm32cubeide/plugins/com.st.stm32cube.ide.mcu.externaltools.gnu-tools-for-stm32.9-2020-q2-update.win32_2.0.0.202105311346/tools/bin/../lib/gcc/arm-none-eabi/9.3.1/../../../../arm-none-eabi/lib/thumb/v6-m/nofp\libc_nano.a(lib_a-impure.o)
                              c:/setup app/stm32cubeide/stm32cubeide_1.8.0/stm32cubeide/plugins/com.st.stm32cube.ide.mcu.externaltools.gnu-tools-for-stm32.9-2020-q2-update.win32_2.0.0.202105311346/tools/bin/../lib/gcc/arm-none-eabi/9.3.1/../../../../arm-none-eabi/lib/thumb/v6-m/nofp\libc_nano.a(lib_a-exit.o) (_global_impure_ptr)
c:/setup app/stm32cubeide/stm32cubeide_1.8.0/stm32cubeide/plugins/com.st.stm32cube.ide.mcu.externaltools.gnu-tools-for-stm32.9-2020-q2-update.win32_2.0.0.202105311346/tools/bin/../lib/gcc/arm-none-eabi/9.3.1/../../../../arm-none-eabi/lib/thumb/v6-m/nofp\libc_nano.a(lib_a-init.o)
                              c:/setup app/stm32cubeide/stm32cubeide_1.8.0/stm32cubeide/plugins/com.st.stm32cube.ide.mcu.externaltools.gnu-tools-for-stm32.9-2020-q2-update.win32_2.0.0.202105311346/tools/bin/../lib/gcc/arm-none-eabi/9.3.1/../../../../arm-none-eabi/lib/thumb/v6-m/nofp/crt0.o (__libc_init_array)
c:/setup app/stm32cubeide/stm32cubeide_1.8.0/stm32cubeide/plugins/com.st.stm32cube.ide.mcu.externaltools.gnu-tools-for-stm32.9-2020-q2-update.win32_2.0.0.202105311346/tools/bin/../lib/gcc/arm-none-eabi/9.3.1/../../../../arm-none-eabi/lib/thumb/v6-m/nofp\libc_nano.a(lib_a-memset.o)
                              c:/setup app/stm32cubeide/stm32cubeide_1.8.0/stm32cubeide/plugins/com.st.stm32cube.ide.mcu.externaltools.gnu-tools-for-stm32.9-2020-q2-update.win32_2.0.0.202105311346/tools/bin/../lib/gcc/arm-none-eabi/9.3.1/../../../../arm-none-eabi/lib/thumb/v6-m/nofp/crt0.o (memset)
c:/setup app/stm32cubeide/stm32cubeide_1.8.0/stm32cubeide/plugins/com.st.stm32cube.ide.mcu.externaltools.gnu-tools-for-stm32.9-2020-q2-update.win32_2.0.0.202105311346/tools/bin/../lib/gcc/arm-none-eabi/9.3.1/../../../../arm-none-eabi/lib/thumb/v6-m/nofp\libc_nano.a(lib_a-printf.o)
                              ./Core/Src/main.o (printf)
c:/setup app/stm32cubeide/stm32cubeide_1.8.0/stm32cubeide/plugins/com.st.stm32cube.ide.mcu.externaltools.gnu-tools-for-stm32.9-2020-q2-update.win32_2.0.0.202105311346/tools/bin/../lib/gcc/arm-none-eabi/9.3.1/../../../../arm-none-eabi/lib/thumb/v6-m/nofp\libc_nano.a(lib_a-sprintf.o)
                              ./Core/Src/main.o (sprintf)
c:/setup app/stm32cubeide/stm32cubeide_1.8.0/stm32cubeide/plugins/com.st.stm32cube.ide.mcu.externaltools.gnu-tools-for-stm32.9-2020-q2-update.win32_2.0.0.202105311346/tools/bin/../lib/gcc/arm-none-eabi/9.3.1/../../../../arm-none-eabi/lib/thumb/v6-m/nofp\libc_nano.a(lib_a-findfp.o)
                              c:/setup app/stm32cubeide/stm32cubeide_1.8.0/stm32cubeide/plugins/com.st.stm32cube.ide.mcu.externaltools.gnu-tools-for-stm32.9-2020-q2-update.win32_2.0.0.202105311346/tools/bin/../lib/gcc/arm-none-eabi/9.3.1/../../../../arm-none-eabi/lib/thumb/v6-m/nofp\libc_nano.a(lib_a-printf.o) (__sinit)
c:/setup app/stm32cubeide/stm32cubeide_1.8.0/stm32cubeide/plugins/com.st.stm32cube.ide.mcu.externaltools.gnu-tools-for-stm32.9-2020-q2-update.win32_2.0.0.202105311346/tools/bin/../lib/gcc/arm-none-eabi/9.3.1/../../../../arm-none-eabi/lib/thumb/v6-m/nofp\libc_nano.a(lib_a-fwalk.o)
                              c:/setup app/stm32cubeide/stm32cubeide_1.8.0/stm32cubeide/plugins/com.st.stm32cube.ide.mcu.externaltools.gnu-tools-for-stm32.9-2020-q2-update.win32_2.0.0.202105311346/tools/bin/../lib/gcc/arm-none-eabi/9.3.1/../../../../arm-none-eabi/lib/thumb/v6-m/nofp\libc_nano.a(lib_a-findfp.o) (_fwalk)
c:/setup app/stm32cubeide/stm32cubeide_1.8.0/stm32cubeide/plugins/com.st.stm32cube.ide.mcu.externaltools.gnu-tools-for-stm32.9-2020-q2-update.win32_2.0.0.202105311346/tools/bin/../lib/gcc/arm-none-eabi/9.3.1/../../../../arm-none-eabi/lib/thumb/v6-m/nofp\libc_nano.a(lib_a-lock.o)
[...]
Memory Configuration

Name             Origin             Length             Attributes
RAM              0x0000000020000000 0x0000000000005000 xrw
FLASH            0x0000000008000000 0x0000000000030000 xr
*default*        0x0000000000000000 0xffffffffffffffff

Linker script and memory map

LOAD c:/setup app/stm32cubeide/stm32cubeide_1.8.0/stm32cubeide/plugins/com.st.stm32cube.ide.mcu.externaltools.gnu-tools-for-stm32.9-2020-q2-update.win32_2.0.0.202105311346/tools/bin/../lib/gcc/arm-none-eabi/9.3.1/thumb/v6-m/nofp/crti.o
LOAD c:/setup app/stm32cubeide/stm32cubeide_1.8.0/stm32cubeide/plugins/com.st.stm32cube.ide.mcu.externaltools.gnu-tools-for-stm32.9-2020-q2-update.win32_2.0.0.202105311346/tools/bin/../lib/gcc/arm-none-eabi/9.3.1/thumb/v6-m/nofp/crtbegin.o
LOAD c:/setup app/stm32cubeide/stm32cubeide_1.8.0/stm32cubeide/plugins/com.st.stm32cube.ide.mcu.externaltools.gnu-tools-for-stm32.9-2020-q2-update.win32_2.0.0.202105311346/tools/bin/../lib/gcc/arm-none-eabi/9.3.1/../../../../arm-none-eabi/lib/thumb/v6-m/nofp/crt0.o
LOAD ./Core/Src/main.o
LOAD ./Core/Src/rfm95.o
LOAD ./Core/Src/stm32l0xx_hal_msp.o
LOAD ./Core/Src/stm32l0xx_it.o
LOAD ./Core/Src/syscalls.o
LOAD ./Core/Src/sysmem.o
LOAD ./Core/Src/system_stm32l0xx.o
LOAD ./Core/Startup/startup_stm32l073rztx.o
LOAD ./Drivers/STM32L0xx_HAL_Driver/stm32l0xx_hal.o
LOAD ./Drivers/STM32L0xx_HAL_Driver/stm32l0xx_hal_cortex.o
LOAD ./Drivers/STM32L0xx_HAL_Driver/stm32l0xx_hal_dma.o
LOAD ./Drivers/STM32L0xx_HAL_Driver/stm32l0xx_hal_exti.o
LOAD ./Drivers/STM32L0xx_HAL_Driver/stm32l0xx_hal_flash.o
LOAD ./Drivers/STM32L0xx_HAL_Driver/stm32l0xx_hal_flash_ex.o
LOAD ./Drivers/STM32L0xx_HAL_Driver/stm32l0xx_hal_flash_ramfunc.o
LOAD ./Drivers/STM32L0xx_HAL_Driver/stm32l0xx_hal_gpio.o
LOAD ./Drivers/STM32L0xx_HAL_Driver/stm32l0xx_hal_i2c.o
LOAD ./Drivers/STM32L0xx_HAL_Driver/stm32l0xx_hal_i2c_ex.o
LOAD ./Drivers/STM32L0xx_HAL_Driver/stm32l0xx_hal_pwr.o
LOAD ./Drivers/STM32L0xx_HAL_Driver/stm32l0xx_hal_pwr_ex.o
LOAD ./Drivers/STM32L0xx_HAL_Driver/stm32l0xx_hal_rcc.o
LOAD ./Drivers/STM32L0xx_HAL_Driver/stm32l0xx_hal_rcc_ex.o
LOAD ./Drivers/STM32L0xx_HAL_Driver/stm32l0xx_hal_spi.o
LOAD ./Drivers/STM32L0xx_HAL_Driver/stm32l0xx_hal_tim.o
LOAD ./Drivers/STM32L0xx_HAL_Driver/stm32l0xx_hal_tim_ex.o
LOAD ./Drivers/STM32L0xx_HAL_Driver/stm32l0xx_hal_uart.o
LOAD ./Drivers/STM32L0xx_HAL_Driver/stm32l0xx_hal_uart_ex.o
START GROUP
LOAD c:/setup app/stm32cubeide/stm32cubeide_1.8.0/stm32cubeide/plugins/com.st.stm32cube.ide.mcu.externaltools.gnu-tools-for-stm32.9-2020-q2-update.win32_2.0.0.202105311346/tools/bin/../lib/gcc/arm-none-eabi/9.3.1/../../../../arm-none-eabi/lib/thumb/v6-m/nofp\libc_nano.a
LOAD c:/setup app/stm32cubeide/stm32cubeide_1.8.0/stm32cubeide/plugins/com.st.stm32cube.ide.mcu.externaltools.gnu-tools-for-stm32.9-2020-q2-update.win32_2.0.0.202105311346/tools/bin/../lib/gcc/arm-none-eabi/9.3.1/../../../../arm-none-eabi/lib/thumb/v6-m/nofp\libm.a
END GROUP
START GROUP
LOAD c:/setup app/stm32cubeide/stm32cubeide_1.8.0/stm32cubeide/plugins/com.st.stm32cube.ide.mcu.externaltools.gnu-tools-for-stm32.9-2020-q2-update.win32_2.0.0.202105311346/tools/bin/../lib/gcc/arm-none-eabi/9.3.1/thumb/v6-m/nofp\libgcc.a
LOAD c:/setup app/stm32cubeide/stm32cubeide_1.8.0/stm32cubeide/plugins/com.st.stm32cube.ide.mcu.externaltools.gnu-tools-for-stm32.9-2020-q2-update.win32_2.0.0.202105311346/tools/bin/../lib/gcc/arm-none-eabi/9.3.1/../../../../arm-none-eabi/lib/thumb/v6-m/nofp\libc_nano.a
END GROUP
START GROUP
LOAD c:/setup app/stm32cubeide/stm32cubeide_1.8.0/stm32cubeide/plugins/com.st.stm32cube.ide.mcu.externaltools.gnu-tools-for-stm32.9-2020-q2-update.win32_2.0.0.202105311346/tools/bin/../lib/gcc/arm-none-eabi/9.3.1/thumb/v6-m/nofp\libgcc.a
LOAD c:/setup app/stm32cubeide/stm32cubeide_1.8.0/stm32cubeide/plugins/com.st.stm32cube.ide.mcu.externaltools.gnu-tools-for-stm32.9-2020-q2-update.win32_2.0.0.202105311346/tools/bin/../lib/gcc/arm-none-eabi/9.3.1/../../../../arm-none-eabi/lib/thumb/v6-m/nofp\libc_nano.a
LOAD c:/setup app/stm32cubeide/stm32cubeide_1.8.0/stm32cubeide/plugins/com.st.stm32cube.ide.mcu.externaltools.gnu-tools-for-stm32.9-2020-q2-update.win32_2.0.0.202105311346/tools/bin/../lib/gcc/arm-none-eabi/9.3.1/../../../../arm-none-eabi/lib/thumb/v6-m/nofp\libnosys.a
END GROUP
START GROUP
LOAD c:/setup app/stm32cubeide/stm32cubeide_1.8.0/stm32cubeide/plugins/com.st.stm32cube.ide.mcu.externaltools.gnu-tools-for-stm32.9-2020-q2-update.win32_2.0.0.202105311346/tools/bin/../lib/gcc/arm-none-eabi/9.3.1/thumb/v6-m/nofp\libgcc.a
LOAD c:/setup app/stm32cubeide/stm32cubeide_1.8.0/stm32cubeide/plugins/com.st.stm32cube.ide.mcu.externaltools.gnu-tools-for-stm32.9-2020-q2-update.win32_2.0.0.202105311346/tools/bin/../lib/gcc/arm-none-eabi/9.3.1/../../../../arm-none-eabi/lib/thumb/v6-m/nofp\libc_nano.a
LOAD c:/setup app/stm32cubeide/stm32cubeide_1.8.0/stm32cubeide/plugins/com.st.stm32cube.ide.mcu.externaltools.gnu-tools-for-stm32.9-2020-q2-update.win32_2.0.0.202105311346/tools/bin/../lib/gcc/arm-none-eabi/9.3.1/../../../../arm-none-eabi/lib/thumb/v6-m/nofp\libnosys.a
END GROUP
LOAD c:/setup app/stm32cubeide/stm32cubeide_1.8.0/stm32cubeide/plugins/com.st.stm32cube.ide.mcu.externaltools.gnu-tools-for-stm32.9-2020-q2-update.win32_2.0.0.202105311346/tools/bin/../lib/gcc/arm-none-eabi/9.3.1/thumb/v6-m/nofp/crtend.o
LOAD c:/setup app/stm32cubeide/stm32cubeide_1.8.0/stm32cubeide/plugins/com.st.stm32cube.ide.mcu.externaltools.gnu-tools-for-stm32.9-2020-q2-update.win32_2.0.0.202105311346/tools/bin/../lib/gcc/arm-none-eabi/9.3.1/thumb/v6-m/nofp/crtn.o
                0x0000000020005000                _estack = (ORIGIN (RAM) + LENGTH (RAM))
                0x0000000000000200                _Min_Heap_Size = 0x200
                0x0000000000000400                _Min_Stack_Size = 0x400

.isr_vector     0x0000000008000000       0xc0
                0x0000000008000000                . = ALIGN (0x4)
 *(.isr_vector)
 .isr_vector    0x0000000008000000       0xc0 ./Core/Startup/startup_stm32l073rztx.o
                0x0000000008000000                g_pfnVectors
                0x00000000080000c0                . = ALIGN (0x4)

.text           0x00000000080000c0     0x56d8
                0x00000000080000c0                . = ALIGN (0x4)
 *(.text)
 .text          0x00000000080000c0       0x48 c:/setup app/stm32cubeide/stm32cubeide_1.8.0/stm32cubeide/plugins/com.st.stm32cube.ide.mcu.externaltools.gnu-tools-for-stm32.9-2020-q2-update.win32_2.0.0.202105311346/tools/bin/../lib/gcc/arm-none-eabi/9.3.1/thumb/v6-m/nofp/crtbegin.o
 .text          0x0000000008000108       0x14 c:/setup app/stm32cubeide/stm32cubeide_1.8.0/stm32cubeide/plugins/com.st.stm32cube.ide.mcu.externaltools.gnu-tools-for-stm32.9-2020-q2-update.win32_2.0.0.202105311346/tools/bin/../lib/gcc/arm-none-eabi/9.3.1/thumb/v6-m/nofp\libgcc.a(_thumb1_case_shi.o)
                0x0000000008000108                __gnu_thumb1_case_shi
 .text          0x000000000800011c      0x114 c:/setup app/stm32cubeide/stm32cubeide_1.8.0/stm32cubeide/plugins/com.st.stm32cube.ide.mcu.externaltools.gnu-tools-for-stm32.9-2020-q2-update.win32_2.0.0.202105311346/tools/bin/../lib/gcc/arm-none-eabi/9.3.1/thumb/v6-m/nofp\libgcc.a(_udivsi3.o)
                0x000000000800011c                __aeabi_uidiv
                0x000000000800011c                __udivsi3
                0x0000000008000228                __aeabi_uidivmod
 .text          0x0000000008000230        0x4 c:/setup app/stm32cubeide/stm32cubeide_1.8.0/stm32cubeide/plugins/com.st.stm32cube.ide.mcu.externaltools.gnu-tools-for-stm32.9-2020-q2-update.win32_2.0.0.202105311346/tools/bin/../lib/gcc/arm-none-eabi/9.3.1/thumb/v6-m/nofp\libgcc.a(_dvmd_tls.o)
                0x0000000008000230                __aeabi_idiv0
                0x0000000008000230                __aeabi_ldiv0
 .text          0x0000000008000234       0x40 c:/setup app/stm32cubeide/stm32cubeide_1.8.0/stm32cubeide/plugins/com.st.stm32cube.ide.mcu.externaltools.gnu-tools-for-stm32.9-2020-q2-update.win32_2.0.0.202105311346/tools/bin/../lib/gcc/arm-none-eabi/9.3.1/thumb/v6-m/nofp\libgcc.a(_aeabi_uldivmod.o)
                0x0000000008000234                __aeabi_uldivmod
 .text          0x0000000008000274       0x50 c:/setup app/stm32cubeide/stm32cubeide_1.8.0/stm32cubeide/plugins/com.st.stm32cube.ide.mcu.externaltools.gnu-tools-for-stm32.9-2020-q2-update.win32_2.0.0.202105311346/tools/bin/../lib/gcc/arm-none-eabi/9.3.1/thumb/v6-m/nofp\libgcc.a(_muldi3.o)
                0x0000000008000274                __muldi3
                0x0000000008000274                __aeabi_lmul
 .text          0x00000000080002c4      0x198 c:/setup app/stm32cubeide/stm32cubeide_1.8.0/stm32cubeide/plugins/com.st.stm32cube.ide.mcu.externaltools.gnu-tools-for-stm32.9-2020-q2-update.win32_2.0.0.202105311346/tools/bin/../lib/gcc/arm-none-eabi/9.3.1/thumb/v6-m/nofp\libgcc.a(_udivmoddi4.o)
                0x00000000080002c4                __udivmoddi4
 .text          0x000000000800045c       0x18 c:/setup app/stm32cubeide/stm32cubeide_1.8.0/stm32cubeide/plugins/com.st.stm32cube.ide.mcu.externaltools.gnu-tools-for-stm32.9-2020-q2-update.win32_2.0.0.202105311346/tools/bin/../lib/gcc/arm-none-eabi/9.3.1/thumb/v6-m/nofp\libgcc.a(_clzdi2.o)
                0x000000000800045c                __clzdi2
 .text          0x0000000008000474       0x3c c:/setup app/stm32cubeide/stm32cubeide_1.8.0/stm32cubeide/plugins/com.st.stm32cube.ide.mcu.externaltools.gnu-tools-for-stm32.9-2020-q2-update.win32_2.0.0.202105311346/tools/bin/../lib/gcc/arm-none-eabi/9.3.1/thumb/v6-m/nofp\libgcc.a(_clzsi2.o)
                0x0000000008000474                __clzsi2
 *(.text*)
 .text._write   0x00000000080004b0       0x2c ./Core/Src/main.o
                0x00000000080004b0                _write
 .text.HAL_GPIO_EXTI_Callback
                0x00000000080004dc       0x5c ./Core/Src/main.o
                0x00000000080004dc                HAL_GPIO_EXTI_Callback
 .text.main     0x0000000008000538      0x124 ./Core/Src/main.o
                0x0000000008000538                main
 .text.SystemClock_Config
                0x000000000800065c       0xd8 ./Core/Src/main.o
                0x000000000800065c                SystemClock_Config
 .text.MX_SPI1_Init
                0x0000000008000734       0x70 ./Core/Src/main.o
 .text.MX_USART2_UART_Init
                0x00000000080007a4       0x60 ./Core/Src/main.o
 .text.MX_GPIO_Init
                0x0000000008000804       0xbc ./Core/Src/main.o
 .text.Error_Handler
                0x00000000080008c0        0xa ./Core/Src/main.o
                0x00000000080008c0                Error_Handler
 .text.RFM95_Init
                0x00000000080008ca      0x118 ./Core/Src/rfm95.o
                0x00000000080008ca                RFM95_Init
 .text.RFM95_enableReceive
                0x00000000080009e2       0x1a ./Core/Src/rfm95.o
                0x00000000080009e2                RFM95_enableReceive
 .text.RFM95_mappingDIO0
                0x00000000080009fc       0x1c ./Core/Src/rfm95.o
                0x00000000080009fc                RFM95_mappingDIO0
 .text.RFM95_setMode
                0x0000000008000a18       0x6e ./Core/Src/rfm95.o
                0x0000000008000a18                RFM95_setMode
 .text.RFM95_setExplicitHeaderMode
                0x0000000008000a86       0x60 ./Core/Src/rfm95.o
                0x0000000008000a86                RFM95_setExplicitHeaderMode
 *fill*         0x0000000008000ae6        0x2 
 .text.RFM95_setFrequency
                0x0000000008000ae8       0x64 ./Core/Src/rfm95.o
                0x0000000008000ae8                RFM95_setFrequency
 .text.RFM95_resetBaseAddr
                0x0000000008000b4c       0x3e ./Core/Src/rfm95.o
                0x0000000008000b4c                RFM95_resetBaseAddr
 .text.RFM95_setLNA
                0x0000000008000b8a       0x3c ./Core/Src/rfm95.o
                0x0000000008000b8a                RFM95_setLNA
 .text.RFM95_setPower
                0x0000000008000bc6       0xa6 ./Core/Src/rfm95.o
                0x0000000008000bc6                RFM95_setPower
 .text.RFM95_setBandWidth
                0x0000000008000c6c       0x6c ./Core/Src/rfm95.o
                0x0000000008000c6c                RFM95_setBandWidth
 .text.RFM95_setSpredingFactor
                0x0000000008000cd8      0x13e ./Core/Src/rfm95.o
                0x0000000008000cd8                RFM95_setSpredingFactor
 .text.RFM95_setCodingRate
                0x0000000008000e16       0x6c ./Core/Src/rfm95.o
                0x0000000008000e16                RFM95_setCodingRate
 .text.RFM95_setPreamble
                0x0000000008000e82       0x48 ./Core/Src/rfm95.o
                0x0000000008000e82                RFM95_setPreamble
 .text.RFM95_setImplicitHeaderMode
                0x0000000008000eca       0x60 ./Core/Src/rfm95.o
                0x0000000008000eca                RFM95_setImplicitHeaderMode
 .text.RFM95_Transmit
                0x0000000008000f2a      0x1ca ./Core/Src/rfm95.o
                0x0000000008000f2a                RFM95_Transmit
 .text.RFM95_Receive
                0x00000000080010f4      0x15c ./Core/Src/rfm95.o
                0x00000000080010f4                RFM95_Receive
 .text.RFM95_setTimeout
                0x0000000008001250       0xb0 ./Core/Src/rfm95.o
                0x0000000008001250                RFM95_setTimeout
 .text.RFM95_setNSS
                0x0000000008001300       0x28 ./Core/Src/rfm95.o
                0x0000000008001300                RFM95_setNSS
 .text.RFM95_readByteRes
                0x0000000008001328       0x6a ./Core/Src/rfm95.o
                0x0000000008001328                RFM95_readByteRes
 .text.RFM95_writeBurstRes
                0x0000000008001392       0xdc ./Core/Src/rfm95.o
                0x0000000008001392                RFM95_writeBurstRes
 .text.RFM95_writeByteRes
                0x000000000800146e       0x82 ./Core/Src/rfm95.o
                0x000000000800146e                RFM95_writeByteRes
 .text.HAL_MspInit
                0x00000000080014f0       0x28 ./Core/Src/stm32l0xx_hal_msp.o
                0x00000000080014f0                HAL_MspInit
 .text.HAL_SPI_MspInit
                0x0000000008001518       0x88 ./Core/Src/stm32l0xx_hal_msp.o
                0x0000000008001518                HAL_SPI_MspInit
 .text.HAL_UART_MspInit
                0x00000000080015a0       0x88 ./Core/Src/stm32l0xx_hal_msp.o
                0x00000000080015a0                HAL_UART_MspInit
 .text.NMI_Handler
                0x0000000008001628        0x6 ./Core/Src/stm32l0xx_it.o
                0x0000000008001628                NMI_Handler
 .text.HardFault_Handler
                0x000000000800162e        0x6 ./Core/Src/stm32l0xx_it.o
                0x000000000800162e                HardFault_Handler
 .text.SVC_Handler
                0x0000000008001634        0xa ./Core/Src/stm32l0xx_it.o
                0x0000000008001634                SVC_Handler
 .text.PendSV_Handler
                0x000000000800163e        0xa ./Core/Src/stm32l0xx_it.o
                0x000000000800163e                PendSV_Handler
 .text.SysTick_Handler
                0x0000000008001648        0xe ./Core/Src/stm32l0xx_it.o
                0x0000000008001648                SysTick_Handler
 .text.EXTI4_15_IRQHandler
                0x0000000008001656       0x14 ./Core/Src/stm32l0xx_it.o
                0x0000000008001656                EXTI4_15_IRQHandler
 .text._read    0x000000000800166a       0x3a ./Core/Src/syscalls.o
                0x000000000800166a                _read
 .text._close   0x00000000080016a4       0x14 ./Core/Src/syscalls.o
                0x00000000080016a4                _close
 .text._fstat   0x00000000080016b8       0x1c ./Core/Src/syscalls.o
                0x00000000080016b8                _fstat
 .text._isatty  0x00000000080016d4       0x12 ./Core/Src/syscalls.o
                0x00000000080016d4                _isatty
 .text._lseek   0x00000000080016e6       0x16 ./Core/Src/syscalls.o
                0x00000000080016e6                _lseek
 .text._sbrk    0x00000000080016fc       0x6c ./Core/Src/sysmem.o
                0x00000000080016fc                _sbrk
 .text.SystemInit
                0x0000000008001768        0xa ./Core/Src/system_stm32l0xx.o
                0x0000000008001768                SystemInit
 *fill*         0x0000000008001772        0x2 
 .text.Reset_Handler
                0x0000000008001774       0x50 ./Core/Startup/startup_stm32l073rztx.o
                0x0000000008001774                Reset_Handler
 .text.Default_Handler
                0x00000000080017c4        0x2 ./Core/Startup/startup_stm32l073rztx.o
                0x00000000080017c4                TSC_IRQHandler
                0x00000000080017c4                ADC1_COMP_IRQHandler
                0x00000000080017c4                PVD_IRQHandler
                0x00000000080017c4                I2C1_IRQHandler
                0x00000000080017c4                RCC_CRS_IRQHandler
                0x00000000080017c4                SPI1_IRQHandler
                0x00000000080017c4                TIM6_DAC_IRQHandler
                0x00000000080017c4                EXTI2_3_IRQHandler
                0x00000000080017c4                I2C2_IRQHandler
                0x00000000080017c4                RTC_IRQHandler
                0x00000000080017c4                LCD_IRQHandler
                0x00000000080017c4                DMA1_Channel4_5_6_7_IRQHandler
                0x00000000080017c4                TIM3_IRQHandler
                0x00000000080017c4                DMA1_Channel1_IRQHandler
                0x00000000080017c4                USART4_5_IRQHandler
                0x00000000080017c4                Default_Handler
                0x00000000080017c4                TIM22_IRQHandler
                0x00000000080017c4                TIM7_IRQHandler
                0x00000000080017c4                EXTI0_1_IRQHandler
                0x00000000080017c4                USB_IRQHandler
                0x00000000080017c4                I2C3_IRQHandler
                0x00000000080017c4                SPI2_IRQHandler
                0x00000000080017c4                TIM21_IRQHandler
                0x00000000080017c4                WWDG_IRQHandler
                0x00000000080017c4                TIM2_IRQHandler
                0x00000000080017c4                DMA1_Channel2_3_IRQHandler
                0x00000000080017c4                USART2_IRQHandler
                0x00000000080017c4                FLASH_IRQHandler
                0x00000000080017c4                USART1_IRQHandler
                0x00000000080017c4                RNG_LPUART1_IRQHandler
                0x00000000080017c4                LPTIM1_IRQHandler
 *fill*         0x00000000080017c6        0x2 
 .text.HAL_Init
                0x00000000080017c8       0x40 ./Drivers/STM32L0xx_HAL_Driver/stm32l0xx_hal.o
                0x00000000080017c8                HAL_Init
 .text.HAL_InitTick
                0x0000000008001808       0x68 ./Drivers/STM32L0xx_HAL_Driver/stm32l0xx_hal.o
                0x0000000008001808                HAL_InitTick
 .text.HAL_IncTick
                0x0000000008001870       0x24 ./Drivers/STM32L0xx_HAL_Driver/stm32l0xx_hal.o
                0x0000000008001870                HAL_IncTick
 .text.HAL_GetTick
                0x0000000008001894       0x14 ./Drivers/STM32L0xx_HAL_Driver/stm32l0xx_hal.o
                0x0000000008001894                HAL_GetTick
 .text.HAL_Delay
                0x00000000080018a8       0x48 ./Drivers/STM32L0xx_HAL_Driver/stm32l0xx_hal.o
                0x00000000080018a8                HAL_Delay
 .text.__NVIC_EnableIRQ
                0x00000000080018f0       0x34 ./Drivers/STM32L0xx_HAL_Driver/stm32l0xx_hal_cortex.o
 .text.__NVIC_SetPriority
                0x0000000008001924       0xdc ./Drivers/STM32L0xx_HAL_Driver/stm32l0xx_hal_cortex.o
 .text.SysTick_Config
                0x0000000008001a00       0x48 ./Drivers/STM32L0xx_HAL_Driver/stm32l0xx_hal_cortex.o
 .text.HAL_NVIC_SetPriority
                0x0000000008001a48       0x2a ./Drivers/STM32L0xx_HAL_Driver/stm32l0xx_hal_cortex.o
                0x0000000008001a48                HAL_NVIC_SetPriority
 .text.HAL_NVIC_EnableIRQ
                0x0000000008001a72       0x20 ./Drivers/STM32L0xx_HAL_Driver/stm32l0xx_hal_cortex.o
                0x0000000008001a72                HAL_NVIC_EnableIRQ
 .text.HAL_SYSTICK_Config
                0x0000000008001a92       0x1a ./Drivers/STM32L0xx_HAL_Driver/stm32l0xx_hal_cortex.o
                0x0000000008001a92                HAL_SYSTICK_Config
 .text.HAL_GPIO_Init
                0x0000000008001aac      0x2fc ./Drivers/STM32L0xx_HAL_Driver/stm32l0xx_hal_gpio.o
                0x0000000008001aac                HAL_GPIO_Init
 .text.HAL_GPIO_WritePin
                0x0000000008001da8       0x3a ./Drivers/STM32L0xx_HAL_Driver/stm32l0xx_hal_gpio.o
                0x0000000008001da8                HAL_GPIO_WritePin
 *fill*         0x0000000008001de2        0x2 
 .text.HAL_GPIO_EXTI_IRQHandler
                0x0000000008001de4       0x38 ./Drivers/STM32L0xx_HAL_Driver/stm32l0xx_hal_gpio.o
                0x0000000008001de4                HAL_GPIO_EXTI_IRQHandler
 .text.HAL_PWR_EnableWakeUpPin
                0x0000000008001e1c       0x20 ./Drivers/STM32L0xx_HAL_Driver/stm32l0xx_hal_pwr.o
                0x0000000008001e1c                HAL_PWR_EnableWakeUpPin
 .text.HAL_PWR_EnterSTANDBYMode
                0x0000000008001e3c       0x2c ./Drivers/STM32L0xx_HAL_Driver/stm32l0xx_hal_pwr.o
                0x0000000008001e3c                HAL_PWR_EnterSTANDBYMode
 .text.HAL_RCC_OscConfig
                0x0000000008001e68      0x7a8 ./Drivers/STM32L0xx_HAL_Driver/stm32l0xx_hal_rcc.o
                0x0000000008001e68                HAL_RCC_OscConfig
 .text.HAL_RCC_ClockConfig
                0x0000000008002610      0x290 ./Drivers/STM32L0xx_HAL_Driver/stm32l0xx_hal_rcc.o
                0x0000000008002610                HAL_RCC_ClockConfig
 .text.HAL_RCC_GetSysClockFreq
                0x00000000080028a0      0x14c ./Drivers/STM32L0xx_HAL_Driver/stm32l0xx_hal_rcc.o
                0x00000000080028a0                HAL_RCC_GetSysClockFreq
 .text.HAL_RCC_GetHCLKFreq
                0x00000000080029ec       0x14 ./Drivers/STM32L0xx_HAL_Driver/stm32l0xx_hal_rcc.o
                0x00000000080029ec                HAL_RCC_GetHCLKFreq
 .text.HAL_RCC_GetPCLK1Freq
                0x0000000008002a00       0x2c ./Drivers/STM32L0xx_HAL_Driver/stm32l0xx_hal_rcc.o
                0x0000000008002a00                HAL_RCC_GetPCLK1Freq
 .text.HAL_RCC_GetPCLK2Freq
                0x0000000008002a2c       0x2c ./Drivers/STM32L0xx_HAL_Driver/stm32l0xx_hal_rcc.o
                0x0000000008002a2c                HAL_RCC_GetPCLK2Freq
 .text.HAL_RCCEx_PeriphCLKConfig
                0x0000000008002a58      0x2e8 ./Drivers/STM32L0xx_HAL_Driver/stm32l0xx_hal_rcc_ex.o
                0x0000000008002a58                HAL_RCCEx_PeriphCLKConfig
 .text.HAL_SPI_Init
                0x0000000008002d40      0x128 ./Drivers/STM32L0xx_HAL_Driver/stm32l0xx_hal_spi.o
                0x0000000008002d40                HAL_SPI_Init
 .text.HAL_SPI_Transmit
                0x0000000008002e68      0x2ac ./Drivers/STM32L0xx_HAL_Driver/stm32l0xx_hal_spi.o
                0x0000000008002e68                HAL_SPI_Transmit
 .text.HAL_SPI_Receive
                0x0000000008003114      0x24c ./Drivers/STM32L0xx_HAL_Driver/stm32l0xx_hal_spi.o
                0x0000000008003114                HAL_SPI_Receive
 .text.HAL_SPI_TransmitReceive
                0x0000000008003360      0x376 ./Drivers/STM32L0xx_HAL_Driver/stm32l0xx_hal_spi.o
                0x0000000008003360                HAL_SPI_TransmitReceive
 *fill*         0x00000000080036d6        0x2 
 .text.SPI_WaitFlagStateUntilTimeout
                0x00000000080036d8      0x11c ./Drivers/STM32L0xx_HAL_Driver/stm32l0xx_hal_spi.o
 .text.SPI_EndRxTransaction
                0x00000000080037f4       0xd4 ./Drivers/STM32L0xx_HAL_Driver/stm32l0xx_hal_spi.o
 .text.SPI_EndRxTxTransaction
                0x00000000080038c8       0x8c ./Drivers/STM32L0xx_HAL_Driver/stm32l0xx_hal_spi.o
 .text.HAL_UART_Init
                0x0000000008003954       0xa8 ./Drivers/STM32L0xx_HAL_Driver/stm32l0xx_hal_uart.o
                0x0000000008003954                HAL_UART_Init
 .text.HAL_UART_Transmit
                0x00000000080039fc      0x150 ./Drivers/STM32L0xx_HAL_Driver/stm32l0xx_hal_uart.o
                0x00000000080039fc                HAL_UART_Transmit
 .text.UART_SetConfig
                0x0000000008003b4c      0x57c ./Drivers/STM32L0xx_HAL_Driver/stm32l0xx_hal_uart.o
                0x0000000008003b4c                UART_SetConfig
 .text.UART_AdvFeatureConfig
                0x00000000080040c8      0x168 ./Drivers/STM32L0xx_HAL_Driver/stm32l0xx_hal_uart.o
                0x00000000080040c8                UART_AdvFeatureConfig
 .text.UART_CheckIdleState
                0x0000000008004230       0x90 ./Drivers/STM32L0xx_HAL_Driver/stm32l0xx_hal_uart.o
                0x0000000008004230                UART_CheckIdleState
 .text.UART_WaitOnFlagUntilTimeout
                0x00000000080042c0      0x188 ./Drivers/STM32L0xx_HAL_Driver/stm32l0xx_hal_uart.o
                0x00000000080042c0                UART_WaitOnFlagUntilTimeout
 .text.__errno  0x0000000008004448        0xc c:/setup app/stm32cubeide/stm32cubeide_1.8.0/stm32cubeide/plugins/com.st.stm32cube.ide.mcu.externaltools.gnu-tools-for-stm32.9-2020-q2-update.win32_2.0.0.202105311346/tools/bin/../lib/gcc/arm-none-eabi/9.3.1/../../../../arm-none-eabi/lib/thumb/v6-m/nofp\libc_nano.a(lib_a-errno.o)
                0x0000000008004448                __errno
 .text.__libc_init_array
                0x0000000008004454       0x48 c:/setup app/stm32cubeide/stm32cubeide_1.8.0/stm32cubeide/plugins/com.st.stm32cube.ide.mcu.externaltools.gnu-tools-for-stm32.9-2020-q2-update.win32_2.0.0.202105311346/tools/bin/../lib/gcc/arm-none-eabi/9.3.1/../../../../arm-none-eabi/lib/thumb/v6-m/nofp\libc_nano.a(lib_a-init.o)
                0x0000000008004454                __libc_init_array
 .text.memset   0x000000000800449c       0x10 c:/setup app/stm32cubeide/stm32cubeide_1.8.0/stm32cubeide/plugins/com.st.stm32cube.ide.mcu.externaltools.gnu-tools-for-stm32.9-2020-q2-update.win32_2.0.0.202105311346/tools/bin/../lib/gcc/arm-none-eabi/9.3.1/../../../../arm-none-eabi/lib/thumb/v6-m/nofp\libc_nano.a(lib_a-memset.o)
                0x000000000800449c                memset
 .text.printf   0x00000000080044ac       0x34 c:/setup app/stm32cubeide/stm32cubeide_1.8.0/stm32cubeide/plugins/com.st.stm32cube.ide.mcu.externaltools.gnu-tools-for-stm32.9-2020-q2-update.win32_2.0.0.202105311346/tools/bin/../lib/gcc/arm-none-eabi/9.3.1/../../../../arm-none-eabi/lib/thumb/v6-m/nofp\libc_nano.a(lib_a-printf.o)
                0x00000000080044ac                iprintf
                0x00000000080044ac                printf
 .text.sprintf  0x00000000080044e0       0x40 c:/setup app/stm32cubeide/stm32cubeide_1.8.0/stm32cubeide/plugins/com.st.stm32cube.ide.mcu.externaltools.gnu-tools-for-stm32.9-2020-q2-update.win32_2.0.0.202105311346/tools/bin/../lib/gcc/arm-none-eabi/9.3.1/../../../../arm-none-eabi/lib/thumb/v6-m/nofp\libc_nano.a(lib_a-sprintf.o)
                0x00000000080044e0                siprintf
                0x00000000080044e0                sprintf
 .text.std      0x0000000008004520       0x48 c:/setup app/stm32cubeide/stm32cubeide_1.8.0/stm32cubeide/plugins/com.st.stm32cube.ide.mcu.externaltools.gnu-tools-for-stm32.9-2020-q2-update.win32_2.0.0.202105311346/tools/bin/../lib/gcc/arm-none-eabi/9.3.1/../../../../arm-none-eabi/lib/thumb/v6-m/nofp\libc_nano.a(lib_a-findfp.o)
 .text._cleanup_r
                0x0000000008004568       0x10 c:/setup app/stm32cubeide/stm32cubeide_1.8.0/stm32cubeide/plugins/com.st.stm32cube.ide.mcu.externaltools.gnu-tools-for-stm32.9-2020-q2-update.win32_2.0.0.202105311346/tools/bin/../lib/gcc/arm-none-eabi/9.3.1/../../../../arm-none-eabi/lib/thumb/v6-m/nofp\libc_nano.a(lib_a-findfp.o)
                0x0000000008004568                _cleanup_r
 .text.__sfmoreglue
                0x0000000008004578       0x2c c:/setup app/stm32cubeide/stm32cubeide_1.8.0/stm32cubeide/plugins/com.st.stm32cube.ide.mcu.externaltools.gnu-tools-for-stm32.9-2020-q2-update.win32_2.0.0.202105311346/tools/bin/../lib/gcc/arm-none-eabi/9.3.1/../../../../arm-none-eabi/lib/thumb/v6-m/nofp\libc_nano.a(lib_a-findfp.o)
                0x0000000008004578                __sfmoreglue
 .text.__sfp_lock_acquire
                0x00000000080045a4       0x10 c:/setup app/stm32cubeide/stm32cubeide_1.8.0/stm32cubeide/plugins/com.st.stm32cube.ide.mcu.externaltools.gnu-tools-for-stm32.9-2020-q2-update.win32_2.0.0.202105311346/tools/bin/../lib/gcc/arm-none-eabi/9.3.1/../../../../arm-none-eabi/lib/thumb/v6-m/nofp\libc_nano.a(lib_a-findfp.o)
                0x00000000080045a4                __sfp_lock_acquire
 .text.__sfp_lock_release
                0x00000000080045b4       0x10 c:/setup app/stm32cubeide/stm32cubeide_1.8.0/stm32cubeide/plugins/com.st.stm32cube.ide.mcu.externaltools.gnu-tools-for-stm32.9-2020-q2-update.win32_2.0.0.202105311346/tools/bin/../lib/gcc/arm-none-eabi/9.3.1/../../../../arm-none-eabi/lib/thumb/v6-m/nofp\libc_nano.a(lib_a-findfp.o)
                0x00000000080045b4                __sfp_lock_release
 .text.__sinit_lock_acquire
                0x00000000080045c4       0x10 c:/setup app/stm32cubeide/stm32cubeide_1.8.0/stm32cubeide/plugins/com.st.stm32cube.ide.mcu.externaltools.gnu-tools-for-stm32.9-2020-q2-update.win32_2.0.0.202105311346/tools/bin/../lib/gcc/arm-none-eabi/9.3.1/../../../../arm-none-eabi/lib/thumb/v6-m/nofp\libc_nano.a(lib_a-findfp.o)
                0x00000000080045c4                __sinit_lock_acquire
 .text.__sinit_lock_release
                0x00000000080045d4       0x10 c:/setup app/stm32cubeide/stm32cubeide_1.8.0/stm32cubeide/plugins/com.st.stm32cube.ide.mcu.externaltools.gnu-tools-for-stm32.9-2020-q2-update.win32_2.0.0.202105311346/tools/bin/../lib/gcc/arm-none-eabi/9.3.1/../../../../arm-none-eabi/lib/thumb/v6-m/nofp\libc_nano.a(lib_a-findfp.o)
                0x00000000080045d4                __sinit_lock_release
 .text.__sinit  0x00000000080045e4       0x70 c:/setup app/stm32cubeide/stm32cubeide_1.8.0/stm32cubeide/plugins/com.st.stm32cube.ide.mcu.externaltools.gnu-tools-for-stm32.9-2020-q2-update.win32_2.0.0.202105311346/tools/bin/../lib/gcc/arm-none-eabi/9.3.1/../../../../arm-none-eabi/lib/thumb/v6-m/nofp\libc_nano.a(lib_a-findfp.o)
                0x00000000080045e4                __sinit
 .text.__sfp    0x0000000008004654       0x90 c:/setup app/stm32cubeide/stm32cubeide_1.8.0/stm32cubeide/plugins/com.st.stm32cube.ide.mcu.externaltools.gnu-tools-for-stm32.9-2020-q2-update.win32_2.0.0.202105311346/tools/bin/../lib/gcc/arm-none-eabi/9.3.1/../../../../arm-none-eabi/lib/thumb/v6-m/nofp\libc_nano.a(lib_a-findfp.o)
                0x0000000008004654                __sfp
 .text._fwalk_reent
                0x00000000080046e4       0x40 c:/setup app/stm32cubeide/stm32cubeide_1.8.0/stm32cubeide/plugins/com.st.stm32cube.ide.mcu.externaltools.gnu-tools-for-stm32.9-2020-q2-update.win32_2.0.0.202105311346/tools/bin/../lib/gcc/arm-none-eabi/9.3.1/../../../../arm-none-eabi/lib/thumb/v6-m/nofp\libc_nano.a(lib_a-fwalk.o)
                0x00000000080046e4                _fwalk_reent
 .text.__retarget_lock_init_recursive
                0x0000000008004724        0x2 c:/setup app/stm32cubeide/stm32cubeide_1.8.0/stm32cubeide/plugins/com.st.stm32cube.ide.mcu.externaltools.gnu-tools-for-stm32.9-2020-q2-update.win32_2.0.0.202105311346/tools/bin/../lib/gcc/arm-none-eabi/9.3.1/../../../../arm-none-eabi/lib/thumb/v6-m/nofp\libc_nano.a(lib_a-lock.o)
                0x0000000008004724                __retarget_lock_init_recursive
 .text.__retarget_lock_acquire_recursive
                0x0000000008004726        0x2 c:/setup app/stm32cubeide/stm32cubeide_1.8.0/stm32cubeide/plugins/com.st.stm32cube.ide.mcu.externaltools.gnu-tools-for-stm32.9-2020-q2-update.win32_2.0.0.202105311346/tools/bin/../lib/gcc/arm-none-eabi/9.3.1/../../../../arm-none-eabi/lib/thumb/v6-m/nofp\libc_nano.a(lib_a-lock.o)
                0x0000000008004726                __retarget_lock_acquire_recursive
 .text.__retarget_lock_release_recursive
                0x0000000008004728        0x2 c:/setup app/stm32cubeide/stm32cubeide_1.8.0/stm32cubeide/plugins/com.st.stm32cube.ide.mcu.externaltools.gnu-tools-for-stm32.9-2020-q2-update.win32_2.0.0.202105311346/tools/bin/../lib/gcc/arm-none-eabi/9.3.1/../../../../arm-none-eabi/lib/thumb/v6-m/nofp\libc_nano.a(lib_a-lock.o)
                0x0000000008004728                __retarget_lock_release_recursive
 *fill*         0x000000000800472a        0x2 
 .text._malloc_r
                0x000000000800472c       0xbc c:/setup app/stm32cubeide/stm32cubeide_1.8.0/stm32cubeide/plugins/com.st.stm32cube.ide.mcu.externaltools.gnu-tools-for-stm32.9-2020-q2-update.win32_2.0.0.202105311346/tools/bin/../lib/gcc/arm-none-eabi/9.3.1/../../../../arm-none-eabi/lib/thumb/v6-m/nofp\libc_nano.a(lib_a-nano-mallocr.o)
                0x000000000800472c                _malloc_r
 .text.__ssputs_r
                0x00000000080047e8       0xc4 c:/setup app/stm32cubeide/stm32cubeide_1.8.0/stm32cubeide/plugins/com.st.stm32cube.ide.mcu.externaltools.gnu-tools-for-stm32.9-2020-q2-update.win32_2.0.0.202105311346/tools/bin/../lib/gcc/arm-none-eabi/9.3.1/../../../../arm-none-eabi/lib/thumb/v6-m/nofp\libc_nano.a(lib_a-nano-svfprintf.o)
                0x00000000080047e8                __ssputs_r
 .text._svfprintf_r
                0x00000000080048ac      0x200 c:/setup app/stm32cubeide/stm32cubeide_1.8.0/stm32cubeide/plugins/com.st.stm32cube.ide.mcu.externaltools.gnu-tools-for-stm32.9-2020-q2-update.win32_2.0.0.202105311346/tools/bin/../lib/gcc/arm-none-eabi/9.3.1/../../../../arm-none-eabi/lib/thumb/v6-m/nofp\libc_nano.a(lib_a-nano-svfprintf.o)
                0x00000000080048ac                _svfiprintf_r
                0x00000000080048ac                _svfprintf_r
 .text.__sfputc_r
                0x0000000008004aac       0x2a c:/setup app/stm32cubeide/stm32cubeide_1.8.0/stm32cubeide/plugins/com.st.stm32cube.ide.mcu.externaltools.gnu-tools-for-stm32.9-2020-q2-update.win32_2.0.0.202105311346/tools/bin/../lib/gcc/arm-none-eabi/9.3.1/../../../../arm-none-eabi/lib/thumb/v6-m/nofp\libc_nano.a(lib_a-nano-vfprintf.o)
 .text.__sfputs_r
                0x0000000008004ad6       0x24 c:/setup app/stm32cubeide/stm32cubeide_1.8.0/stm32cubeide/plugins/com.st.stm32cube.ide.mcu.externaltools.gnu-tools-for-stm32.9-2020-q2-update.win32_2.0.0.202105311346/tools/bin/../lib/gcc/arm-none-eabi/9.3.1/../../../../arm-none-eabi/lib/thumb/v6-m/nofp\libc_nano.a(lib_a-nano-vfprintf.o)
                0x0000000008004ad6                __sfputs_r
 *fill*         0x0000000008004afa        0x2 
 .text._vfprintf_r
                0x0000000008004afc      0x274 c:/setup app/stm32cubeide/stm32cubeide_1.8.0/stm32cubeide/plugins/com.st.stm32cube.ide.mcu.externaltools.gnu-tools-for-stm32.9-2020-q2-update.win32_2.0.0.202105311346/tools/bin/../lib/gcc/arm-none-eabi/9.3.1/../../../../arm-none-eabi/lib/thumb/v6-m/nofp\libc_nano.a(lib_a-nano-vfprintf.o)
                0x0000000008004afc                _vfprintf_r
                0x0000000008004afc                _vfiprintf_r
 .text._printf_common
                0x0000000008004d70       0xde c:/setup app/stm32cubeide/stm32cubeide_1.8.0/stm32cubeide/plugins/com.st.stm32cube.ide.mcu.externaltools.gnu-tools-for-stm32.9-2020-q2-update.win32_2.0.0.202105311346/tools/bin/../lib/gcc/arm-none-eabi/9.3.1/../../../../arm-none-eabi/lib/thumb/v6-m/nofp\libc_nano.a(lib_a-nano-vfprintf_i.o)
                0x0000000008004d70                _printf_common
 *fill*         0x0000000008004e4e        0x2 
 .text._printf_i
                0x0000000008004e50      0x224 c:/setup app/stm32cubeide/stm32cubeide_1.8.0/stm32cubeide/plugins/com.st.stm32cube.ide.mcu.externaltools.gnu-tools-for-stm32.9-2020-q2-update.win32_2.0.0.202105311346/tools/bin/../lib/gcc/arm-none-eabi/9.3.1/../../../../arm-none-eabi/lib/thumb/v6-m/nofp\libc_nano.a(lib_a-nano-vfprintf_i.o)
                0x0000000008004e50                _printf_i
 .text._sbrk_r  0x0000000008005074       0x24 c:/setup app/stm32cubeide/stm32cubeide_1.8.0/stm32cubeide/plugins/com.st.stm32cube.ide.mcu.externaltools.gnu-tools-for-stm32.9-2020-q2-update.win32_2.0.0.202105311346/tools/bin/../lib/gcc/arm-none-eabi/9.3.1/../../../../arm-none-eabi/lib/thumb/v6-m/nofp\libc_nano.a(lib_a-sbrkr.o)
                0x0000000008005074                _sbrk_r
 .text.__sread  0x0000000008005098       0x28 c:/setup app/stm32cubeide/stm32cubeide_1.8.0/stm32cubeide/plugins/com.st.stm32cube.ide.mcu.externaltools.gnu-tools-for-stm32.9-2020-q2-update.win32_2.0.0.202105311346/tools/bin/../lib/gcc/arm-none-eabi/9.3.1/../../../../arm-none-eabi/lib/thumb/v6-m/nofp\libc_nano.a(lib_a-stdio.o)
                0x0000000008005098                __sread
 .text.__swrite
                0x00000000080050c0       0x38 c:/setup app/stm32cubeide/stm32cubeide_1.8.0/stm32cubeide/plugins/com.st.stm32cube.ide.mcu.externaltools.gnu-tools-for-stm32.9-2020-q2-update.win32_2.0.0.202105311346/tools/bin/../lib/gcc/arm-none-eabi/9.3.1/../../../../arm-none-eabi/lib/thumb/v6-m/nofp\libc_nano.a(lib_a-stdio.o)
                0x00000000080050c0                __swrite
 .text.__sseek  0x00000000080050f8       0x2c c:/setup app/stm32cubeide/stm32cubeide_1.8.0/stm32cubeide/plugins/com.st.stm32cube.ide.mcu.externaltools.gnu-tools-for-stm32.9-2020-q2-update.win32_2.0.0.202105311346/tools/bin/../lib/gcc/arm-none-eabi/9.3.1/../../../../arm-none-eabi/lib/thumb/v6-m/nofp\libc_nano.a(lib_a-stdio.o)
                0x00000000080050f8                __sseek
 .text.__sclose
                0x0000000008005124        0xc c:/setup app/stm32cubeide/stm32cubeide_1.8.0/stm32cubeide/plugins/com.st.stm32cube.ide.mcu.externaltools.gnu-tools-for-stm32.9-2020-q2-update.win32_2.0.0.202105311346/tools/bin/../lib/gcc/arm-none-eabi/9.3.1/../../../../arm-none-eabi/lib/thumb/v6-m/nofp\libc_nano.a(lib_a-stdio.o)
                0x0000000008005124                __sclose
 .text.__swbuf_r
                0x0000000008005130       0xac c:/setup app/stm32cubeide/stm32cubeide_1.8.0/stm32cubeide/plugins/com.st.stm32cube.ide.mcu.externaltools.gnu-tools-for-stm32.9-2020-q2-update.win32_2.0.0.202105311346/tools/bin/../lib/gcc/arm-none-eabi/9.3.1/../../../../arm-none-eabi/lib/thumb/v6-m/nofp\libc_nano.a(lib_a-wbuf.o)
                0x0000000008005130                __swbuf_r
 .text._write_r
                0x00000000080051dc       0x28 c:/setup app/stm32cubeide/stm32cubeide_1.8.0/stm32cubeide/plugins/com.st.stm32cube.ide.mcu.externaltools.gnu-tools-for-stm32.9-2020-q2-update.win32_2.0.0.202105311346/tools/bin/../lib/gcc/arm-none-eabi/9.3.1/../../../../arm-none-eabi/lib/thumb/v6-m/nofp\libc_nano.a(lib_a-writer.o)
                0x00000000080051dc                _write_r
 .text.__swsetup_r
                0x0000000008005204       0xf0 c:/setup app/stm32cubeide/stm32cubeide_1.8.0/stm32cubeide/plugins/com.st.stm32cube.ide.mcu.externaltools.gnu-tools-for-stm32.9-2020-q2-update.win32_2.0.0.202105311346/tools/bin/../lib/gcc/arm-none-eabi/9.3.1/../../../../arm-none-eabi/lib/thumb/v6-m/nofp\libc_nano.a(lib_a-wsetup.o)
                0x0000000008005204                __swsetup_r
 .text._close_r
                0x00000000080052f4       0x24 c:/setup app/stm32cubeide/stm32cubeide_1.8.0/stm32cubeide/plugins/com.st.stm32cube.ide.mcu.externaltools.gnu-tools-for-stm32.9-2020-q2-update.win32_2.0.0.202105311346/tools/bin/../lib/gcc/arm-none-eabi/9.3.1/../../../../arm-none-eabi/lib/thumb/v6-m/nofp\libc_nano.a(lib_a-closer.o)
                0x00000000080052f4                _close_r
 .text.__sflush_r
                0x0000000008005318      0x118 c:/setup app/stm32cubeide/stm32cubeide_1.8.0/stm32cubeide/plugins/com.st.stm32cube.ide.mcu.externaltools.gnu-tools-for-stm32.9-2020-q2-update.win32_2.0.0.202105311346/tools/bin/../lib/gcc/arm-none-eabi/9.3.1/../../../../arm-none-eabi/lib/thumb/v6-m/nofp\libc_nano.a(lib_a-fflush.o)
                0x0000000008005318                __sflush_r
 .text._fflush_r
                0x0000000008005430       0x80 c:/setup app/stm32cubeide/stm32cubeide_1.8.0/stm32cubeide/plugins/com.st.stm32cube.ide.mcu.externaltools.gnu-tools-for-stm32.9-2020-q2-update.win32_2.0.0.202105311346/tools/bin/../lib/gcc/arm-none-eabi/9.3.1/../../../../arm-none-eabi/lib/thumb/v6-m/nofp\libc_nano.a(lib_a-fflush.o)
                0x0000000008005430                _fflush_r
 .text._lseek_r
                0x00000000080054b0       0x28 c:/setup app/stm32cubeide/stm32cubeide_1.8.0/stm32cubeide/plugins/com.st.stm32cube.ide.mcu.externaltools.gnu-tools-for-stm32.9-2020-q2-update.win32_2.0.0.202105311346/tools/bin/../lib/gcc/arm-none-eabi/9.3.1/../../../../arm-none-eabi/lib/thumb/v6-m/nofp\libc_nano.a(lib_a-lseekr.o)
                0x00000000080054b0                _lseek_r
 .text.__swhatbuf_r
                0x00000000080054d8       0x50 c:/setup app/stm32cubeide/stm32cubeide_1.8.0/stm32cubeide/plugins/com.st.stm32cube.ide.mcu.externaltools.gnu-tools-for-stm32.9-2020-q2-update.win32_2.0.0.202105311346/tools/bin/../lib/gcc/arm-none-eabi/9.3.1/../../../../arm-none-eabi/lib/thumb/v6-m/nofp\libc_nano.a(lib_a-makebuf.o)
                0x00000000080054d8                __swhatbuf_r
 .text.__smakebuf_r
                0x0000000008005528       0x88 c:/setup app/stm32cubeide/stm32cubeide_1.8.0/stm32cubeide/plugins/com.st.stm32cube.ide.mcu.externaltools.gnu-tools-for-stm32.9-2020-q2-update.win32_2.0.0.202105311346/tools/bin/../lib/gcc/arm-none-eabi/9.3.1/../../../../arm-none-eabi/lib/thumb/v6-m/nofp\libc_nano.a(lib_a-makebuf.o)
                0x0000000008005528                __smakebuf_r
 .text.memchr   0x00000000080055b0       0x16 c:/setup app/stm32cubeide/stm32cubeide_1.8.0/stm32cubeide/plugins/com.st.stm32cube.ide.mcu.externaltools.gnu-tools-for-stm32.9-2020-q2-update.win32_2.0.0.202105311346/tools/bin/../lib/gcc/arm-none-eabi/9.3.1/../../../../arm-none-eabi/lib/thumb/v6-m/nofp\libc_nano.a(lib_a-memchr-stub.o)
                0x00000000080055b0                memchr
 .text.memcpy   0x00000000080055c6       0x12 c:/setup app/stm32cubeide/stm32cubeide_1.8.0/stm32cubeide/plugins/com.st.stm32cube.ide.mcu.externaltools.gnu-tools-for-stm32.9-2020-q2-update.win32_2.0.0.202105311346/tools/bin/../lib/gcc/arm-none-eabi/9.3.1/../../../../arm-none-eabi/lib/thumb/v6-m/nofp\libc_nano.a(lib_a-memcpy-stub.o)
                0x00000000080055c6                memcpy
 .text.memmove  0x00000000080055d8       0x26 c:/setup app/stm32cubeide/stm32cubeide_1.8.0/stm32cubeide/plugins/com.st.stm32cube.ide.mcu.externaltools.gnu-tools-for-stm32.9-2020-q2-update.win32_2.0.0.202105311346/tools/bin/../lib/gcc/arm-none-eabi/9.3.1/../../../../arm-none-eabi/lib/thumb/v6-m/nofp\libc_nano.a(lib_a-memmove.o)
                0x00000000080055d8                memmove
 *fill*         0x00000000080055fe        0x2 
 .text.__malloc_lock
                0x0000000008005600       0x10 c:/setup app/stm32cubeide/stm32cubeide_1.8.0/stm32cubeide/plugins/com.st.stm32cube.ide.mcu.externaltools.gnu-tools-for-stm32.9-2020-q2-update.win32_2.0.0.202105311346/tools/bin/../lib/gcc/arm-none-eabi/9.3.1/../../../../arm-none-eabi/lib/thumb/v6-m/nofp\libc_nano.a(lib_a-mlock.o)
                0x0000000008005600                __malloc_lock
 .text.__malloc_unlock
                0x0000000008005610       0x10 c:/setup app/stm32cubeide/stm32cubeide_1.8.0/stm32cubeide/plugins/com.st.stm32cube.ide.mcu.externaltools.gnu-tools-for-stm32.9-2020-q2-update.win32_2.0.0.202105311346/tools/bin/../lib/gcc/arm-none-eabi/9.3.1/../../../../arm-none-eabi/lib/thumb/v6-m/nofp\libc_nano.a(lib_a-mlock.o)
                0x0000000008005610                __malloc_unlock
 .text._free_r  0x0000000008005620       0x94 c:/setup app/stm32cubeide/stm32cubeide_1.8.0/stm32cubeide/plugins/com.st.stm32cube.ide.mcu.externaltools.gnu-tools-for-stm32.9-2020-q2-update.win32_2.0.0.202105311346/tools/bin/../lib/gcc/arm-none-eabi/9.3.1/../../../../arm-none-eabi/lib/thumb/v6-m/nofp\libc_nano.a(lib_a-nano-freer.o)
                0x0000000008005620                _free_r
 .text._realloc_r
                0x00000000080056b4       0x4c c:/setup app/stm32cubeide/stm32cubeide_1.8.0/stm32cubeide/plugins/com.st.stm32cube.ide.mcu.externaltools.gnu-tools-for-stm32.9-2020-q2-update.win32_2.0.0.202105311346/tools/bin/../lib/gcc/arm-none-eabi/9.3.1/../../../../arm-none-eabi/lib/thumb/v6-m/nofp\libc_nano.a(lib_a-nano-reallocr.o)
                0x00000000080056b4                _realloc_r
 .text._read_r  0x0000000008005700       0x28 c:/setup app/stm32cubeide/stm32cubeide_1.8.0/stm32cubeide/plugins/com.st.stm32cube.ide.mcu.externaltools.gnu-tools-for-stm32.9-2020-q2-update.win32_2.0.0.202105311346/tools/bin/../lib/gcc/arm-none-eabi/9.3.1/../../../../arm-none-eabi/lib/thumb/v6-m/nofp\libc_nano.a(lib_a-readr.o)
                0x0000000008005700                _read_r
 .text._fstat_r
                0x0000000008005728       0x24 c:/setup app/stm32cubeide/stm32cubeide_1.8.0/stm32cubeide/plugins/com.st.stm32cube.ide.mcu.externaltools.gnu-tools-for-stm32.9-2020-q2-update.win32_2.0.0.202105311346/tools/bin/../lib/gcc/arm-none-eabi/9.3.1/../../../../arm-none-eabi/lib/thumb/v6-m/nofp\libc_nano.a(lib_a-fstatr.o)
                0x0000000008005728                _fstat_r
 .text._isatty_r
                0x000000000800574c       0x24 c:/setup app/stm32cubeide/stm32cubeide_1.8.0/stm32cubeide/plugins/com.st.stm32cube.ide.mcu.externaltools.gnu-tools-for-stm32.9-2020-q2-update.win32_2.0.0.202105311346/tools/bin/../lib/gcc/arm-none-eabi/9.3.1/../../../../arm-none-eabi/lib/thumb/v6-m/nofp\libc_nano.a(lib_a-isattyr.o)
                0x000000000800574c                _isatty_r
 .text._malloc_usable_size_r
                0x0000000008005770       0x10 c:/setup app/stm32cubeide/stm32cubeide_1.8.0/stm32cubeide/plugins/com.st.stm32cube.ide.mcu.externaltools.gnu-tools-for-stm32.9-2020-q2-update.win32_2.0.0.202105311346/tools/bin/../lib/gcc/arm-none-eabi/9.3.1/../../../../arm-none-eabi/lib/thumb/v6-m/nofp\libc_nano.a(lib_a-nano-msizer.o)
                0x0000000008005770                _malloc_usable_size_r
 *(.glue_7)
 .glue_7        0x0000000008005780        0x0 linker stubs
 *(.glue_7t)
 .glue_7t       0x0000000008005780        0x0 linker stubs
 *(.eh_frame)
 .eh_frame      0x0000000008005780        0x0 c:/setup app/stm32cubeide/stm32cubeide_1.8.0/stm32cubeide/plugins/com.st.stm32cube.ide.mcu.externaltools.gnu-tools-for-stm32.9-2020-q2-update.win32_2.0.0.202105311346/tools/bin/../lib/gcc/arm-none-eabi/9.3.1/thumb/v6-m/nofp/crtbegin.o
 *(.init)
 .init          0x0000000008005780        0x4 c:/setup app/stm32cubeide/stm32cubeide_1.8.0/stm32cubeide/plugins/com.st.stm32cube.ide.mcu.externaltools.gnu-tools-for-stm32.9-2020-q2-update.win32_2.0.0.202105311346/tools/bin/../lib/gcc/arm-none-eabi/9.3.1/thumb/v6-m/nofp/crti.o
                0x0000000008005780                _init
 .init          0x0000000008005784        0x8 c:/setup app/stm32cubeide/stm32cubeide_1.8.0/stm32cubeide/plugins/com.st.stm32cube.ide.mcu.externaltools.gnu-tools-for-stm32.9-2020-q2-update.win32_2.0.0.202105311346/tools/bin/../lib/gcc/arm-none-eabi/9.3.1/thumb/v6-m/nofp/crtn.o
 *(.fini)
 .fini          0x000000000800578c        0x4 c:/setup app/stm32cubeide/stm32cubeide_1.8.0/stm32cubeide/plugins/com.st.stm32cube.ide.mcu.externaltools.gnu-tools-for-stm32.9-2020-q2-update.win32_2.0.0.202105311346/tools/bin/../lib/gcc/arm-none-eabi/9.3.1/thumb/v6-m/nofp/crti.o
                0x000000000800578c                _fini
 .fini          0x0000000008005790        0x8 c:/setup app/stm32cubeide/stm32cubeide_1.8.0/stm32cubeide/plugins/com.st.stm32cube.ide.mcu.externaltools.gnu-tools-for-stm32.9-2020-q2-update.win32_2.0.0.202105311346/tools/bin/../lib/gcc/arm-none-eabi/9.3.1/thumb/v6-m/nofp/crtn.o
                0x0000000008005798                . = ALIGN (0x4)
                0x0000000008005798                _etext = .

.vfp11_veneer   0x0000000008005798        0x0
 .vfp11_veneer  0x0000000008005798        0x0 linker stubs

.v4_bx          0x0000000008005798        0x0
 .v4_bx         0x0000000008005798        0x0 linker stubs

.iplt           0x0000000008005798        0x0
 .iplt          0x0000000008005798        0x0 c:/setup app/stm32cubeide/stm32cubeide_1.8.0/stm32cubeide/plugins/com.st.stm32cube.ide.mcu.externaltools.gnu-tools-for-stm32.9-2020-q2-update.win32_2.0.0.202105311346/tools/bin/../lib/gcc/arm-none-eabi/9.3.1/thumb/v6-m/nofp/crtbegin.o

.rodata         0x0000000008005798      0x160
                0x0000000008005798                . = ALIGN (0x4)
 *(.rodata)
 .rodata        0x0000000008005798       0x56 ./Core/Src/main.o
 *fill*         0x00000000080057ee        0x2 
 .rodata        0x00000000080057f0        0x3 ./Core/Src/rfm95.o
 *(.rodata*)
 *fill*         0x00000000080057f3        0x1 
 .rodata.AHBPrescTable
                0x00000000080057f4       0x10 ./Core/Src/system_stm32l0xx.o
                0x00000000080057f4                AHBPrescTable
 .rodata.APBPrescTable
                0x0000000008005804        0x8 ./Core/Src/system_stm32l0xx.o
                0x0000000008005804                APBPrescTable
 .rodata.PLLMulTable
                0x000000000800580c        0x9 ./Core/Src/system_stm32l0xx.o
                0x000000000800580c                PLLMulTable
 *fill*         0x0000000008005815        0x3 
 .rodata.UART_SetConfig
                0x0000000008005818       0x48 ./Drivers/STM32L0xx_HAL_Driver/stm32l0xx_hal_uart.o
 .rodata._global_impure_ptr
                0x0000000008005860        0x4 c:/setup app/stm32cubeide/stm32cubeide_1.8.0/stm32cubeide/plugins/com.st.stm32cube.ide.mcu.externaltools.gnu-tools-for-stm32.9-2020-q2-update.win32_2.0.0.202105311346/tools/bin/../lib/gcc/arm-none-eabi/9.3.1/../../../../arm-none-eabi/lib/thumb/v6-m/nofp\libc_nano.a(lib_a-impure.o)
                0x0000000008005860                _global_impure_ptr
 .rodata.__sf_fake_stderr
                0x0000000008005864       0x20 c:/setup app/stm32cubeide/stm32cubeide_1.8.0/stm32cubeide/plugins/com.st.stm32cube.ide.mcu.externaltools.gnu-tools-for-stm32.9-2020-q2-update.win32_2.0.0.202105311346/tools/bin/../lib/gcc/arm-none-eabi/9.3.1/../../../../arm-none-eabi/lib/thumb/v6-m/nofp\libc_nano.a(lib_a-findfp.o)
                0x0000000008005864                __sf_fake_stderr
 .rodata.__sf_fake_stdin
                0x0000000008005884       0x20 c:/setup app/stm32cubeide/stm32cubeide_1.8.0/stm32cubeide/plugins/com.st.stm32cube.ide.mcu.externaltools.gnu-tools-for-stm32.9-2020-q2-update.win32_2.0.0.202105311346/tools/bin/../lib/gcc/arm-none-eabi/9.3.1/../../../../arm-none-eabi/lib/thumb/v6-m/nofp\libc_nano.a(lib_a-findfp.o)
                0x0000000008005884                __sf_fake_stdin
 .rodata.__sf_fake_stdout
                0x00000000080058a4       0x20 c:/setup app/stm32cubeide/stm32cubeide_1.8.0/stm32cubeide/plugins/com.st.stm32cube.ide.mcu.externaltools.gnu-tools-for-stm32.9-2020-q2-update.win32_2.0.0.202105311346/tools/bin/../lib/gcc/arm-none-eabi/9.3.1/../../../../arm-none-eabi/lib/thumb/v6-m/nofp\libc_nano.a(lib_a-findfp.o)
                0x00000000080058a4                __sf_fake_stdout
 .rodata._svfprintf_r.str1.1
                0x00000000080058c4       0x11 c:/setup app/stm32cubeide/stm32cubeide_1.8.0/stm32cubeide/plugins/com.st.stm32cube.ide.mcu.externaltools.gnu-tools-for-stm32.9-2020-q2-update.win32_2.0.0.202105311346/tools/bin/../lib/gcc/arm-none-eabi/9.3.1/../../../../arm-none-eabi/lib/thumb/v6-m/nofp\libc_nano.a(lib_a-nano-svfprintf.o)
 .rodata._vfprintf_r.str1.1
                0x00000000080058d5       0x11 c:/setup app/stm32cubeide/stm32cubeide_1.8.0/stm32cubeide/plugins/com.st.stm32cube.ide.mcu.externaltools.gnu-tools-for-stm32.9-2020-q2-update.win32_2.0.0.202105311346/tools/bin/../lib/gcc/arm-none-eabi/9.3.1/../../../../arm-none-eabi/lib/thumb/v6-m/nofp\libc_nano.a(lib_a-nano-vfprintf.o)
 .rodata._printf_i.str1.1
                0x00000000080058d5       0x22 c:/setup app/stm32cubeide/stm32cubeide_1.8.0/stm32cubeide/plugins/com.st.stm32cube.ide.mcu.externaltools.gnu-tools-for-stm32.9-2020-q2-update.win32_2.0.0.202105311346/tools/bin/../lib/gcc/arm-none-eabi/9.3.1/../../../../arm-none-eabi/lib/thumb/v6-m/nofp\libc_nano.a(lib_a-nano-vfprintf_i.o)
                0x00000000080058f8                . = ALIGN (0x4)
 *fill*         0x00000000080058f7        0x1 

.ARM.extab      0x00000000080058f8        0x0
                0x00000000080058f8                . = ALIGN (0x4)
 *(.ARM.extab* .gnu.linkonce.armextab.*)
                0x00000000080058f8                . = ALIGN (0x4)

.ARM            0x00000000080058f8        0x8
                0x00000000080058f8                . = ALIGN (0x4)
                0x00000000080058f8                __exidx_start = .
 *(.ARM.exidx*)
 .ARM.exidx     0x00000000080058f8        0x8 c:/setup app/stm32cubeide/stm32cubeide_1.8.0/stm32cubeide/plugins/com.st.stm32cube.ide.mcu.externaltools.gnu-tools-for-stm32.9-2020-q2-update.win32_2.0.0.202105311346/tools/bin/../lib/gcc/arm-none-eabi/9.3.1/thumb/v6-m/nofp\libgcc.a(_udivmoddi4.o)
                0x0000000008005900                __exidx_end = .
                0x0000000008005900                . = ALIGN (0x4)

.rel.dyn        0x0000000008005900        0x0
 .rel.iplt      0x0000000008005900        0x0 c:/setup app/stm32cubeide/stm32cubeide_1.8.0/stm32cubeide/plugins/com.st.stm32cube.ide.mcu.externaltools.gnu-tools-for-stm32.9-2020-q2-update.win32_2.0.0.202105311346/tools/bin/../lib/gcc/arm-none-eabi/9.3.1/thumb/v6-m/nofp/crtbegin.o

.preinit_array  0x0000000008005900        0x0
                0x0000000008005900                . = ALIGN (0x4)
                0x0000000008005900                PROVIDE (__preinit_array_start = .)
 *(.preinit_array*)
                0x0000000008005900                PROVIDE (__preinit_array_end = .)
                0x0000000008005900                . = ALIGN (0x4)

.init_array     0x0000000008005900        0x4
                0x0000000008005900                . = ALIGN (0x4)
                0x0000000008005900                PROVIDE (__init_array_start = .)
 *(SORT_BY_NAME(.init_array.*))
 *(.init_array*)
 .init_array    0x0000000008005900        0x4 c:/setup app/stm32cubeide/stm32cubeide_1.8.0/stm32cubeide/plugins/com.st.stm32cube.ide.mcu.externaltools.gnu-tools-for-stm32.9-2020-q2-update.win32_2.0.0.202105311346/tools/bin/../lib/gcc/arm-none-eabi/9.3.1/thumb/v6-m/nofp/crtbegin.o
                0x0000000008005904                PROVIDE (__init_array_end = .)
                0x0000000008005904                . = ALIGN (0x4)

.fini_array     0x0000000008005904        0x4
                0x0000000008005904                . = ALIGN (0x4)
                [!provide]                        PROVIDE (__fini_array_start = .)
 *(SORT_BY_NAME(.fini_array.*))
 *(.fini_array*)
 .fini_array    0x0000000008005904        0x4 c:/setup app/stm32cubeide/stm32cubeide_1.8.0/stm32cubeide/plugins/com.st.stm32cube.ide.mcu.externaltools.gnu-tools-for-stm32.9-2020-q2-update.win32_2.0.0.202105311346/tools/bin/../lib/gcc/arm-none-eabi/9.3.1/thumb/v6-m/nofp/crtbegin.o
                [!provide]                        PROVIDE (__fini_array_end = .)
                0x0000000008005908                . = ALIGN (0x4)
                0x0000000008005908                _sidata = LOADADDR (.data)

.data           0x0000000020000000       0x8c load address 0x0000000008005908
                0x0000000020000000                . = ALIGN (0x4)
                0x0000000020000000                _sdata = .
 *(.data)
 *(.data*)
 .data.Buff     0x0000000020000000       0x19 ./Core/Src/main.o
                0x0000000020000000                Buff
 *fill*         0x0000000020000019        0x3 
 .data.SystemCoreClock
                0x000000002000001c        0x4 ./Core/Src/system_stm32l0xx.o
                0x000000002000001c                SystemCoreClock
 .data.uwTickPrio
                0x0000000020000020        0x4 ./Drivers/STM32L0xx_HAL_Driver/stm32l0xx_hal.o
                0x0000000020000020                uwTickPrio
 .data.uwTickFreq
                0x0000000020000024        0x1 ./Drivers/STM32L0xx_HAL_Driver/stm32l0xx_hal.o
                0x0000000020000024                uwTickFreq
 *fill*         0x0000000020000025        0x3 
 .data._impure_ptr
                0x0000000020000028        0x4 c:/setup app/stm32cubeide/stm32cubeide_1.8.0/stm32cubeide/plugins/com.st.stm32cube.ide.mcu.externaltools.gnu-tools-for-stm32.9-2020-q2-update.win32_2.0.0.202105311346/tools/bin/../lib/gcc/arm-none-eabi/9.3.1/../../../../arm-none-eabi/lib/thumb/v6-m/nofp\libc_nano.a(lib_a-impure.o)
                0x0000000020000028                _impure_ptr
 .data.impure_data
                0x000000002000002c       0x60 c:/setup app/stm32cubeide/stm32cubeide_1.8.0/stm32cubeide/plugins/com.st.stm32cube.ide.mcu.externaltools.gnu-tools-for-stm32.9-2020-q2-update.win32_2.0.0.202105311346/tools/bin/../lib/gcc/arm-none-eabi/9.3.1/../../../../arm-none-eabi/lib/thumb/v6-m/nofp\libc_nano.a(lib_a-impure.o)
 *(.RamFunc)
 *(.RamFunc*)
                0x000000002000008c                . = ALIGN (0x4)
                0x000000002000008c                _edata = .

.igot.plt       0x000000002000008c        0x0 load address 0x0000000008005994
 .igot.plt      0x000000002000008c        0x0 c:/setup app/stm32cubeide/stm32cubeide_1.8.0/stm32cubeide/plugins/com.st.stm32cube.ide.mcu.externaltools.gnu-tools-for-stm32.9-2020-q2-update.win32_2.0.0.202105311346/tools/bin/../lib/gcc/arm-none-eabi/9.3.1/thumb/v6-m/nofp/crtbegin.o
                0x000000002000008c                . = ALIGN (0x4)

.bss            0x000000002000008c      0x2f8 load address 0x0000000008005994
                0x000000002000008c                _sbss = .
                0x000000002000008c                __bss_start__ = _sbss
 *(.bss)
 .bss           0x000000002000008c       0x1c c:/setup app/stm32cubeide/stm32cubeide_1.8.0/stm32cubeide/plugins/com.st.stm32cube.ide.mcu.externaltools.gnu-tools-for-stm32.9-2020-q2-update.win32_2.0.0.202105311346/tools/bin/../lib/gcc/arm-none-eabi/9.3.1/thumb/v6-m/nofp/crtbegin.o
 *(.bss*)
 .bss.rx        0x00000000200000a8       0xc8 ./Core/Src/main.o
                0x00000000200000a8                rx
 .bss.buffer    0x0000000020000170       0xff ./Core/Src/main.o
                0x0000000020000170                buffer
 *fill*         0x000000002000026f        0x1 
 .bss.__sbrk_heap_end
                0x0000000020000270        0x4 ./Core/Src/sysmem.o
 .bss.__malloc_free_list
                0x0000000020000274        0x4 c:/setup app/stm32cubeide/stm32cubeide_1.8.0/stm32cubeide/plugins/com.st.stm32cube.ide.mcu.externaltools.gnu-tools-for-stm32.9-2020-q2-update.win32_2.0.0.202105311346/tools/bin/../lib/gcc/arm-none-eabi/9.3.1/../../../../arm-none-eabi/lib/thumb/v6-m/nofp\libc_nano.a(lib_a-nano-mallocr.o)
                0x0000000020000274                __malloc_free_list
 .bss.__malloc_sbrk_start
                0x0000000020000278        0x4 c:/setup app/stm32cubeide/stm32cubeide_1.8.0/stm32cubeide/plugins/com.st.stm32cube.ide.mcu.externaltools.gnu-tools-for-stm32.9-2020-q2-update.win32_2.0.0.202105311346/tools/bin/../lib/gcc/arm-none-eabi/9.3.1/../../../../arm-none-eabi/lib/thumb/v6-m/nofp\libc_nano.a(lib_a-nano-mallocr.o)
                0x0000000020000278                __malloc_sbrk_start
 *(COMMON)
 COMMON         0x000000002000027c       0xf4 ./Core/Src/main.o
                0x000000002000027c                RFM95
                0x0000000020000294                hspi1
                0x00000000200002ec                huart2
 COMMON         0x0000000020000370        0x4 ./Drivers/STM32L0xx_HAL_Driver/stm32l0xx_hal.o
                0x0000000020000370                uwTick
 COMMON         0x0000000020000374        0x9 c:/setup app/stm32cubeide/stm32cubeide_1.8.0/stm32cubeide/plugins/com.st.stm32cube.ide.mcu.externaltools.gnu-tools-for-stm32.9-2020-q2-update.win32_2.0.0.202105311346/tools/bin/../lib/gcc/arm-none-eabi/9.3.1/../../../../arm-none-eabi/lib/thumb/v6-m/nofp\libc_nano.a(lib_a-lock.o)
                0x0000000020000374                __lock___atexit_recursive_mutex
                0x0000000020000375                __lock___arc4random_mutex
                0x0000000020000376                __lock___env_recursive_mutex
                0x0000000020000377                __lock___sinit_recursive_mutex
                0x0000000020000378                __lock___malloc_recursive_mutex
                0x0000000020000379                __lock___at_quick_exit_mutex
                0x000000002000037a                __lock___dd_hash_mutex
                0x000000002000037b                __lock___tz_mutex
                0x000000002000037c                __lock___sfp_recursive_mutex
 *fill*         0x000000002000037d        0x3 
 COMMON         0x0000000020000380        0x4 c:/setup app/stm32cubeide/stm32cubeide_1.8.0/stm32cubeide/plugins/com.st.stm32cube.ide.mcu.externaltools.gnu-tools-for-stm32.9-2020-q2-update.win32_2.0.0.202105311346/tools/bin/../lib/gcc/arm-none-eabi/9.3.1/../../../../arm-none-eabi/lib/thumb/v6-m/nofp\libc_nano.a(lib_a-reent.o)
                0x0000000020000380                errno
                0x0000000020000384                . = ALIGN (0x4)
                0x0000000020000384                _ebss = .
                0x0000000020000384                __bss_end__ = _ebss

._user_heap_stack
                0x0000000020000384      0x604 load address 0x0000000008005994
                0x0000000020000388                . = ALIGN (0x8)
 *fill*         0x0000000020000384        0x4 
                [!provide]                        PROVIDE (end = .)
                0x0000000020000388                PROVIDE (_end = .)
                0x0000000020000588                . = (. + _Min_Heap_Size)
 *fill*         0x0000000020000388      0x200 
                0x0000000020000988                . = (. + _Min_Stack_Size)
 *fill*         0x0000000020000588      0x400 
                0x0000000020000988                . = ALIGN (0x8)

/DISCARD/
 libc.a(*)
 libm.a(*)
 libgcc.a(*)

.ARM.attributes
                0x0000000000000000       0x28
 *(.ARM.attributes)
 .ARM.attributes
                0x0000000000000000       0x1e c:/setup app/stm32cubeide/stm32cubeide_1.8.0/stm32cubeide/plugins/com.st.stm32cube.ide.mcu.externaltools.gnu-tools-for-stm32.9-2020-q2-update.win32_2.0.0.202105311346/tools/bin/../lib/gcc/arm-none-eabi/9.3.1/thumb/v6-m/nofp/crti.o
 .ARM.attributes
                0x000000000000001e       0x2c c:/setup app/stm32cubeide/stm32cubeide_1.8.0/stm32cubeide/plugins/com.st.stm32cube.ide.mcu.externaltools.gnu-tools-for-stm32.9-2020-q2-update.win32_2.0.0.202105311346/tools/bin/../lib/gcc/arm-none-eabi/9.3.1/thumb/v6-m/nofp/crtbegin.o
 .ARM.attributes
                0x000000000000004a       0x2c ./Core/Src/main.o
 .ARM.attributes
                0x0000000000000076       0x2c ./Core/Src/rfm95.o
 .ARM.attributes
                0x00000000000000a2       0x2c ./Core/Src/stm32l0xx_hal_msp.o
 .ARM.attributes
                0x00000000000000ce       0x2c ./Core/Src/stm32l0xx_it.o
 .ARM.attributes
                0x00000000000000fa       0x2c ./Core/Src/syscalls.o
 .ARM.attributes
                0x0000000000000126       0x2c ./Core/Src/sysmem.o
 .ARM.attributes
                0x0000000000000152       0x2c ./Core/Src/system_stm32l0xx.o
 .ARM.attributes
                0x000000000000017e       0x22 ./Core/Startup/startup_stm32l073rztx.o
 .ARM.attributes
                0x00000000000001a0       0x2c ./Drivers/STM32L0xx_HAL_Driver/stm32l0xx_hal.o
 .ARM.attributes
                0x00000000000001cc       0x2c ./Drivers/STM32L0xx_HAL_Driver/stm32l0xx_hal_cortex.o
 .ARM.attributes
                0x00000000000001f8       0x2c ./Drivers/STM32L0xx_HAL_Driver/stm32l0xx_hal_gpio.o
 .ARM.attributes
                0x0000000000000224       0x2c ./Drivers/STM32L0xx_HAL_Driver/stm32l0xx_hal_pwr.o
 .ARM.attributes
                0x0000000000000250       0x2c ./Drivers/STM32L0xx_HAL_Driver/stm32l0xx_hal_rcc.o
 .ARM.attributes
                0x000000000000027c       0x2c ./Drivers/STM32L0xx_HAL_Driver/stm32l0xx_hal_rcc_ex.o
 .ARM.attributes
                0x00000000000002a8       0x2c ./Drivers/STM32L0xx_HAL_Driver/stm32l0xx_hal_spi.o
 .ARM.attributes
                0x00000000000002d4       0x2c ./Drivers/STM32L0xx_HAL_Driver/stm32l0xx_hal_uart.o
 .ARM.attributes
                0x0000000000000300       0x2c c:/setup app/stm32cubeide/stm32cubeide_1.8.0/stm32cubeide/plugins/com.st.stm32cube.ide.mcu.externaltools.gnu-tools-for-stm32.9-2020-q2-update.win32_2.0.0.202105311346/tools/bin/../lib/gcc/arm-none-eabi/9.3.1/../../../../arm-none-eabi/lib/thumb/v6-m/nofp\libc_nano.a(lib_a-errno.o)
 .ARM.attributes
                0x000000000000032c       0x2c c:/setup app/stm32cubeide/stm32cubeide_1.8.0/stm32cubeide/plugins/com.st.stm32cube.ide.mcu.externaltools.gnu-tools-for-stm32.9-2020-q2-update.win32_2.0.0.202105311346/tools/bin/../lib/gcc/arm-none-eabi/9.3.1/../../../../arm-none-eabi/lib/thumb/v6-m/nofp\libc_nano.a(lib_a-impure.o)
 .ARM.attributes
                0x0000000000000358       0x2c c:/setup app/stm32cubeide/stm32cubeide_1.8.0/stm32cubeide/plugins/com.st.stm32cube.ide.mcu.externaltools.gnu-tools-for-stm32.9-2020-q2-update.win32_2.0.0.202105311346/tools/bin/../lib/gcc/arm-none-eabi/9.3.1/../../../../arm-none-eabi/lib/thumb/v6-m/nofp\libc_nano.a(lib_a-init.o)
 .ARM.attributes
                0x0000000000000384       0x2c c:/setup app/stm32cubeide/stm32cubeide_1.8.0/stm32cubeide/plugins/com.st.stm32cube.ide.mcu.externaltools.gnu-tools-for-stm32.9-2020-q2-update.win32_2.0.0.202105311346/tools/bin/../lib/gcc/arm-none-eabi/9.3.1/../../../../arm-none-eabi/lib/thumb/v6-m/nofp\libc_nano.a(lib_a-memset.o)
 .ARM.attributes
                0x00000000000003b0       0x2c c:/setup app/stm32cubeide/stm32cubeide_1.8.0/stm32cubeide/plugins/com.st.stm32cube.ide.mcu.externaltools.gnu-tools-for-stm32.9-2020-q2-update.win32_2.0.0.202105311346/tools/bin/../lib/gcc/arm-none-eabi/9.3.1/../../../../arm-none-eabi/lib/thumb/v6-m/nofp\libc_nano.a(lib_a-printf.o)
 .ARM.attributes
                0x00000000000003dc       0x2c c:/setup app/stm32cubeide/stm32cubeide_1.8.0/stm32cubeide/plugins/com.st.stm32cube.ide.mcu.externaltools.gnu-tools-for-stm32.9-2020-q2-update.win32_2.0.0.202105311346/tools/bin/../lib/gcc/arm-none-eabi/9.3.1/../../../../arm-none-eabi/lib/thumb/v6-m/nofp\libc_nano.a(lib_a-sprintf.o)
 .ARM.attributes
                0x0000000000000408       0x2c c:/setup app/stm32cubeide/stm32cubeide_1.8.0/stm32cubeide/plugins/com.st.stm32cube.ide.mcu.externaltools.gnu-tools-for-stm32.9-2020-q2-update.win32_2.0.0.202105311346/tools/bin/../lib/gcc/arm-none-eabi/9.3.1/../../../../arm-none-eabi/lib/thumb/v6-m/nofp\libc_nano.a(lib_a-findfp.o)
 .ARM.attributes
                0x0000000000000434       0x2c c:/setup app/stm32cubeide/stm32cubeide_1.8.0/stm32cubeide/plugins/com.st.stm32cube.ide.mcu.externaltools.gnu-tools-for-stm32.9-2020-q2-update.win32_2.0.0.202105311346/tools/bin/../lib/gcc/arm-none-eabi/9.3.1/../../../../arm-none-eabi/lib/thumb/v6-m/nofp\libc_nano.a(lib_a-fwalk.o)
 .ARM.attributes
                0x0000000000000460       0x2c c:/setup app/stm32cubeide/stm32cubeide_1.8.0/stm32cubeide/plugins/com.st.stm32cube.ide.mcu.externaltools.gnu-tools-for-stm32.9-2020-q2-update.win32_2.0.0.202105311346/tools/bin/../lib/gcc/arm-none-eabi/9.3.1/../../../../arm-none-eabi/lib/thumb/v6-m/nofp\libc_nano.a(lib_a-lock.o)
 .ARM.attributes
                0x000000000000048c       0x2c c:/setup app/stm32cubeide/stm32cubeide_1.8.0/stm32cubeide/plugins/com.st.stm32cube.ide.mcu.externaltools.gnu-tools-for-stm32.9-2020-q2-update.win32_2.0.0.202105311346/tools/bin/../lib/gcc/arm-none-eabi/9.3.1/../../../../arm-none-eabi/lib/thumb/v6-m/nofp\libc_nano.a(lib_a-nano-mallocr.o)
 .ARM.attributes
                0x00000000000004b8       0x2c c:/setup app/stm32cubeide/stm32cubeide_1.8.0/stm32cubeide/plugins/com.st.stm32cube.ide.mcu.externaltools.gnu-tools-for-stm32.9-2020-q2-update.win32_2.0.0.202105311346/tools/bin/../lib/gcc/arm-none-eabi/9.3.1/../../../../arm-none-eabi/lib/thumb/v6-m/nofp\libc_nano.a(lib_a-nano-svfprintf.o)
 .ARM.attributes
                0x00000000000004e4       0x2c c:/setup app/stm32cubeide/stm32cubeide_1.8.0/stm32cubeide/plugins/com.st.stm32cube.ide.mcu.externaltools.gnu-tools-for-stm32.9-2020-q2-update.win32_2.0.0.202105311346/tools/bin/../lib/gcc/arm-none-eabi/9.3.1/../../../../arm-none-eabi/lib/thumb/v6-m/nofp\libc_nano.a(lib_a-nano-vfprintf.o)
 .ARM.attributes
                0x0000000000000510       0x2c c:/setup app/stm32cubeide/stm32cubeide_1.8.0/stm32cubeide/plugins/com.st.stm32cube.ide.mcu.externaltools.gnu-tools-for-stm32.9-2020-q2-update.win32_2.0.0.202105311346/tools/bin/../lib/gcc/arm-none-eabi/9.3.1/../../../../arm-none-eabi/lib/thumb/v6-m/nofp\libc_nano.a(lib_a-nano-vfprintf_i.o)
 .ARM.attributes
                0x000000000000053c       0x2c c:/setup app/stm32cubeide/stm32cubeide_1.8.0/stm32cubeide/plugins/com.st.stm32cube.ide.mcu.externaltools.gnu-tools-for-stm32.9-2020-q2-update.win32_2.0.0.202105311346/tools/bin/../lib/gcc/arm-none-eabi/9.3.1/../../../../arm-none-eabi/lib/thumb/v6-m/nofp\libc_nano.a(lib_a-sbrkr.o)
 .ARM.attributes
                0x0000000000000568       0x2c c:/setup app/stm32cubeide/stm32cubeide_1.8.0/stm32cubeide/plugins/com.st.stm32cube.ide.mcu.externaltools.gnu-tools-for-stm32.9-2020-q2-update.win32_2.0.0.202105311346/tools/bin/../lib/gcc/arm-none-eabi/9.3.1/../../../../arm-none-eabi/lib/thumb/v6-m/nofp\libc_nano.a(lib_a-stdio.o)
 .ARM.attributes
                0x0000000000000594       0x2c c:/setup app/stm32cubeide/stm32cubeide_1.8.0/stm32cubeide/plugins/com.st.stm32cube.ide.mcu.externaltools.gnu-tools-for-stm32.9-2020-q2-update.win32_2.0.0.202105311346/tools/bin/../lib/gcc/arm-none-eabi/9.3.1/../../../../arm-none-eabi/lib/thumb/v6-m/nofp\libc_nano.a(lib_a-wbuf.o)
 .ARM.attributes
                0x00000000000005c0       0x2c c:/setup app/stm32cubeide/stm32cubeide_1.8.0/stm32cubeide/plugins/com.st.stm32cube.ide.mcu.externaltools.gnu-tools-for-stm32.9-2020-q2-update.win32_2.0.0.202105311346/tools/bin/../lib/gcc/arm-none-eabi/9.3.1/../../../../arm-none-eabi/lib/thumb/v6-m/nofp\libc_nano.a(lib_a-writer.o)
 .ARM.attributes
                0x00000000000005ec       0x2c c:/setup app/stm32cubeide/stm32cubeide_1.8.0/stm32cubeide/plugins/com.st.stm32cube.ide.mcu.externaltools.gnu-tools-for-stm32.9-2020-q2-update.win32_2.0.0.202105311346/tools/bin/../lib/gcc/arm-none-eabi/9.3.1/../../../../arm-none-eabi/lib/thumb/v6-m/nofp\libc_nano.a(lib_a-wsetup.o)
 .ARM.attributes
                0x0000000000000618       0x2c c:/setup app/stm32cubeide/stm32cubeide_1.8.0/stm32cubeide/plugins/com.st.stm32cube.ide.mcu.externaltools.gnu-tools-for-stm32.9-2020-q2-update.win32_2.0.0.202105311346/tools/bin/../lib/gcc/arm-none-eabi/9.3.1/../../../../arm-none-eabi/lib/thumb/v6-m/nofp\libc_nano.a(lib_a-closer.o)
 .ARM.attributes
                0x0000000000000644       0x2c c:/setup app/stm32cubeide/stm32cubeide_1.8.0/stm32cubeide/plugins/com.st.stm32cube.ide.mcu.externaltools.gnu-tools-for-stm32.9-2020-q2-update.win32_2.0.0.202105311346/tools/bin/../lib/gcc/arm-none-eabi/9.3.1/../../../../arm-none-eabi/lib/thumb/v6-m/nofp\libc_nano.a(lib_a-fflush.o)
 .ARM.attributes
                0x0000000000000670       0x2c c:/setup app/stm32cubeide/stm32cubeide_1.8.0/stm32cubeide/plugins/com.st.stm32cube.ide.mcu.externaltools.gnu-tools-for-stm32.9-2020-q2-update.win32_2.0.0.202105311346/tools/bin/../lib/gcc/arm-none-eabi/9.3.1/../../../../arm-none-eabi/lib/thumb/v6-m/nofp\libc_nano.a(lib_a-lseekr.o)
 .ARM.attributes
                0x000000000000069c       0x2c c:/setup app/stm32cubeide/stm32cubeide_1.8.0/stm32cubeide/plugins/com.st.stm32cube.ide.mcu.externaltools.gnu-tools-for-stm32.9-2020-q2-update.win32_2.0.0.202105311346/tools/bin/../lib/gcc/arm-none-eabi/9.3.1/../../../../arm-none-eabi/lib/thumb/v6-m/nofp\libc_nano.a(lib_a-makebuf.o)
 .ARM.attributes
                0x00000000000006c8       0x2c c:/setup app/stm32cubeide/stm32cubeide_1.8.0/stm32cubeide/plugins/com.st.stm32cube.ide.mcu.externaltools.gnu-tools-for-stm32.9-2020-q2-update.win32_2.0.0.202105311346/tools/bin/../lib/gcc/arm-none-eabi/9.3.1/../../../../arm-none-eabi/lib/thumb/v6-m/nofp\libc_nano.a(lib_a-memchr-stub.o)
 .ARM.attributes
                0x00000000000006f4       0x2c c:/setup app/stm32cubeide/stm32cubeide_1.8.0/stm32cubeide/plugins/com.st.stm32cube.ide.mcu.externaltools.gnu-tools-for-stm32.9-2020-q2-update.win32_2.0.0.202105311346/tools/bin/../lib/gcc/arm-none-eabi/9.3.1/../../../../arm-none-eabi/lib/thumb/v6-m/nofp\libc_nano.a(lib_a-memcpy-stub.o)
 .ARM.attributes
                0x0000000000000720       0x2c c:/setup app/stm32cubeide/stm32cubeide_1.8.0/stm32cubeide/plugins/com.st.stm32cube.ide.mcu.externaltools.gnu-tools-for-stm32.9-2020-q2-update.win32_2.0.0.202105311346/tools/bin/../lib/gcc/arm-none-eabi/9.3.1/../../../../arm-none-eabi/lib/thumb/v6-m/nofp\libc_nano.a(lib_a-memmove.o)
 .ARM.attributes
                0x000000000000074c       0x2c c:/setup app/stm32cubeide/stm32cubeide_1.8.0/stm32cubeide/plugins/com.st.stm32cube.ide.mcu.externaltools.gnu-tools-for-stm32.9-2020-q2-update.win32_2.0.0.202105311346/tools/bin/../lib/gcc/arm-none-eabi/9.3.1/../../../../arm-none-eabi/lib/thumb/v6-m/nofp\libc_nano.a(lib_a-mlock.o)
 .ARM.attributes
                0x0000000000000778       0x2c c:/setup app/stm32cubeide/stm32cubeide_1.8.0/stm32cubeide/plugins/com.st.stm32cube.ide.mcu.externaltools.gnu-tools-for-stm32.9-2020-q2-update.win32_2.0.0.202105311346/tools/bin/../lib/gcc/arm-none-eabi/9.3.1/../../../../arm-none-eabi/lib/thumb/v6-m/nofp\libc_nano.a(lib_a-nano-freer.o)
 .ARM.attributes
                0x00000000000007a4       0x2c c:/setup app/stm32cubeide/stm32cubeide_1.8.0/stm32cubeide/plugins/com.st.stm32cube.ide.mcu.externaltools.gnu-tools-for-stm32.9-2020-q2-update.win32_2.0.0.202105311346/tools/bin/../lib/gcc/arm-none-eabi/9.3.1/../../../../arm-none-eabi/lib/thumb/v6-m/nofp\libc_nano.a(lib_a-nano-reallocr.o)
 .ARM.attributes
                0x00000000000007d0       0x2c c:/setup app/stm32cubeide/stm32cubeide_1.8.0/stm32cubeide/plugins/com.st.stm32cube.ide.mcu.externaltools.gnu-tools-for-stm32.9-2020-q2-update.win32_2.0.0.202105311346/tools/bin/../lib/gcc/arm-none-eabi/9.3.1/../../../../arm-none-eabi/lib/thumb/v6-m/nofp\libc_nano.a(lib_a-readr.o)
 .ARM.attributes
                0x00000000000007fc       0x2c c:/setup app/stm32cubeide/stm32cubeide_1.8.0/stm32cubeide/plugins/com.st.stm32cube.ide.mcu.externaltools.gnu-tools-for-stm32.9-2020-q2-update.win32_2.0.0.202105311346/tools/bin/../lib/gcc/arm-none-eabi/9.3.1/../../../../arm-none-eabi/lib/thumb/v6-m/nofp\libc_nano.a(lib_a-reent.o)
 .ARM.attributes
                0x0000000000000828       0x2c c:/setup app/stm32cubeide/stm32cubeide_1.8.0/stm32cubeide/plugins/com.st.stm32cube.ide.mcu.externaltools.gnu-tools-for-stm32.9-2020-q2-update.win32_2.0.0.202105311346/tools/bin/../lib/gcc/arm-none-eabi/9.3.1/../../../../arm-none-eabi/lib/thumb/v6-m/nofp\libc_nano.a(lib_a-fstatr.o)
 .ARM.attributes
                0x0000000000000854       0x2c c:/setup app/stm32cubeide/stm32cubeide_1.8.0/stm32cubeide/plugins/com.st.stm32cube.ide.mcu.externaltools.gnu-tools-for-stm32.9-2020-q2-update.win32_2.0.0.202105311346/tools/bin/../lib/gcc/arm-none-eabi/9.3.1/../../../../arm-none-eabi/lib/thumb/v6-m/nofp\libc_nano.a(lib_a-isattyr.o)
 .ARM.attributes
                0x0000000000000880       0x2c c:/setup app/stm32cubeide/stm32cubeide_1.8.0/stm32cubeide/plugins/com.st.stm32cube.ide.mcu.externaltools.gnu-tools-for-stm32.9-2020-q2-update.win32_2.0.0.202105311346/tools/bin/../lib/gcc/arm-none-eabi/9.3.1/../../../../arm-none-eabi/lib/thumb/v6-m/nofp\libc_nano.a(lib_a-nano-msizer.o)
 .ARM.attributes
                0x00000000000008ac       0x1e c:/setup app/stm32cubeide/stm32cubeide_1.8.0/stm32cubeide/plugins/com.st.stm32cube.ide.mcu.externaltools.gnu-tools-for-stm32.9-2020-q2-update.win32_2.0.0.202105311346/tools/bin/../lib/gcc/arm-none-eabi/9.3.1/thumb/v6-m/nofp\libgcc.a(_thumb1_case_shi.o)
 .ARM.attributes
                0x00000000000008ca       0x1e c:/setup app/stm32cubeide/stm32cubeide_1.8.0/stm32cubeide/plugins/com.st.stm32cube.ide.mcu.externaltools.gnu-tools-for-stm32.9-2020-q2-update.win32_2.0.0.202105311346/tools/bin/../lib/gcc/arm-none-eabi/9.3.1/thumb/v6-m/nofp\libgcc.a(_udivsi3.o)
 .ARM.attributes
                0x00000000000008e8       0x1e c:/setup app/stm32cubeide/stm32cubeide_1.8.0/stm32cubeide/plugins/com.st.stm32cube.ide.mcu.externaltools.gnu-tools-for-stm32.9-2020-q2-update.win32_2.0.0.202105311346/tools/bin/../lib/gcc/arm-none-eabi/9.3.1/thumb/v6-m/nofp\libgcc.a(_dvmd_tls.o)
 .ARM.attributes
                0x0000000000000906       0x1e c:/setup app/stm32cubeide/stm32cubeide_1.8.0/stm32cubeide/plugins/com.st.stm32cube.ide.mcu.externaltools.gnu-tools-for-stm32.9-2020-q2-update.win32_2.0.0.202105311346/tools/bin/../lib/gcc/arm-none-eabi/9.3.1/thumb/v6-m/nofp\libgcc.a(_aeabi_uldivmod.o)
 .ARM.attributes
                0x0000000000000924       0x2c c:/setup app/stm32cubeide/stm32cubeide_1.8.0/stm32cubeide/plugins/com.st.stm32cube.ide.mcu.externaltools.gnu-tools-for-stm32.9-2020-q2-update.win32_2.0.0.202105311346/tools/bin/../lib/gcc/arm-none-eabi/9.3.1/thumb/v6-m/nofp\libgcc.a(_muldi3.o)
 .ARM.attributes
                0x0000000000000950       0x2c c:/setup app/stm32cubeide/stm32cubeide_1.8.0/stm32cubeide/plugins/com.st.stm32cube.ide.mcu.externaltools.gnu-tools-for-stm32.9-2020-q2-update.win32_2.0.0.202105311346/tools/bin/../lib/gcc/arm-none-eabi/9.3.1/thumb/v6-m/nofp\libgcc.a(_udivmoddi4.o)
 .ARM.attributes
                0x000000000000097c       0x1e c:/setup app/stm32cubeide/stm32cubeide_1.8.0/stm32cubeide/plugins/com.st.stm32cube.ide.mcu.externaltools.gnu-tools-for-stm32.9-2020-q2-update.win32_2.0.0.202105311346/tools/bin/../lib/gcc/arm-none-eabi/9.3.1/thumb/v6-m/nofp\libgcc.a(_clzdi2.o)
 .ARM.attributes
                0x000000000000099a       0x1e c:/setup app/stm32cubeide/stm32cubeide_1.8.0/stm32cubeide/plugins/com.st.stm32cube.ide.mcu.externaltools.gnu-tools-for-stm32.9-2020-q2-update.win32_2.0.0.202105311346/tools/bin/../lib/gcc/arm-none-eabi/9.3.1/thumb/v6-m/nofp\libgcc.a(_clzsi2.o)
 .ARM.attributes
                0x00000000000009b8       0x1e c:/setup app/stm32cubeide/stm32cubeide_1.8.0/stm32cubeide/plugins/com.st.stm32cube.ide.mcu.externaltools.gnu-tools-for-stm32.9-2020-q2-update.win32_2.0.0.202105311346/tools/bin/../lib/gcc/arm-none-eabi/9.3.1/thumb/v6-m/nofp/crtn.o
OUTPUT(LoRa_StandbyMode.elf elf32-littlearm)
LOAD linker stubs
LOAD c:/setup app/stm32cubeide/stm32cubeide_1.8.0/stm32cubeide/plugins/com.st.stm32cube.ide.mcu.externaltools.gnu-tools-for-stm32.9-2020-q2-update.win32_2.0.0.202105311346/tools/bin/../lib/gcc/arm-none-eabi/9.3.1/../../../../arm-none-eabi/lib/thumb/v6-m/nofp\libc.a
LOAD c:/setup app/stm32cubeide/stm32cubeide_1.8.0/stm32cubeide/plugins/com.st.stm32cube.ide.mcu.externaltools.gnu-tools-for-stm32.9-2020-q2-update.win32_2.0.0.202105311346/tools/bin/../lib/gcc/arm-none-eabi/9.3.1/../../../../arm-none-eabi/lib/thumb/v6-m/nofp\libm.a
LOAD c:/setup app/stm32cubeide/stm32cubeide_1.8.0/stm32cubeide/plugins/com.st.stm32cube.ide.mcu.externaltools.gnu-tools-for-stm32.9-2020-q2-update.win32_2.0.0.202105311346/tools/bin/../lib/gcc/arm-none-eabi/9.3.1/thumb/v6-m/nofp\libgcc.a

.debug_info     0x0000000000000000     0xdb66
 .debug_info    0x0000000000000000     0x1ac4 ./Core/Src/main.o
 .debug_info    0x0000000000001ac4      0xbaa ./Core/Src/rfm95.o
 .debug_info    0x000000000000266e      0xcc4 ./Core/Src/stm32l0xx_hal_msp.o
 .debug_info    0x0000000000003332      0x1e6 ./Core/Src/stm32l0xx_it.o
 .debug_info    0x0000000000003518      0xfa8 ./Core/Src/syscalls.o
 .debug_info    0x00000000000044c0      0xa25 ./Core/Src/sysmem.o
 .debug_info    0x0000000000004ee5      0x363 ./Core/Src/system_stm32l0xx.o
 .debug_info    0x0000000000005248       0x22 ./Core/Startup/startup_stm32l073rztx.o
 .debug_info    0x000000000000526a      0x92f ./Drivers/STM32L0xx_HAL_Driver/stm32l0xx_hal.o
 .debug_info    0x0000000000005b99      0x9af ./Drivers/STM32L0xx_HAL_Driver/stm32l0xx_hal_cortex.o
 .debug_info    0x0000000000006548      0x790 ./Drivers/STM32L0xx_HAL_Driver/stm32l0xx_hal_gpio.o
 .debug_info    0x0000000000006cd8      0x704 ./Drivers/STM32L0xx_HAL_Driver/stm32l0xx_hal_pwr.o
 .debug_info    0x00000000000073dc      0xa85 ./Drivers/STM32L0xx_HAL_Driver/stm32l0xx_hal_rcc.o
 .debug_info    0x0000000000007e61      0x8e9 ./Drivers/STM32L0xx_HAL_Driver/stm32l0xx_hal_rcc_ex.o
 .debug_info    0x000000000000874a     0x1775 ./Drivers/STM32L0xx_HAL_Driver/stm32l0xx_hal_spi.o
 .debug_info    0x0000000000009ebf     0x3ca7 ./Drivers/STM32L0xx_HAL_Driver/stm32l0xx_hal_uart.o

.debug_abbrev   0x0000000000000000     0x1f35
 .debug_abbrev  0x0000000000000000      0x2f9 ./Core/Src/main.o
 .debug_abbrev  0x00000000000002f9      0x20d ./Core/Src/rfm95.o
 .debug_abbrev  0x0000000000000506      0x1a1 ./Core/Src/stm32l0xx_hal_msp.o
 .debug_abbrev  0x00000000000006a7       0xd2 ./Core/Src/stm32l0xx_it.o
 .debug_abbrev  0x0000000000000779      0x286 ./Core/Src/syscalls.o
 .debug_abbrev  0x00000000000009ff      0x1bf ./Core/Src/sysmem.o
 .debug_abbrev  0x0000000000000bbe      0x145 ./Core/Src/system_stm32l0xx.o
 .debug_abbrev  0x0000000000000d03       0x12 ./Core/Startup/startup_stm32l073rztx.o
 .debug_abbrev  0x0000000000000d15      0x267 ./Drivers/STM32L0xx_HAL_Driver/stm32l0xx_hal.o
 .debug_abbrev  0x0000000000000f7c      0x2b4 ./Drivers/STM32L0xx_HAL_Driver/stm32l0xx_hal_cortex.o
 .debug_abbrev  0x0000000000001230      0x1e8 ./Drivers/STM32L0xx_HAL_Driver/stm32l0xx_hal_gpio.o
 .debug_abbrev  0x0000000000001418      0x19c ./Drivers/STM32L0xx_HAL_Driver/stm32l0xx_hal_pwr.o
 .debug_abbrev  0x00000000000015b4      0x246 ./Drivers/STM32L0xx_HAL_Driver/stm32l0xx_hal_rcc.o
 .debug_abbrev  0x00000000000017fa      0x20b ./Drivers/STM32L0xx_HAL_Driver/stm32l0xx_hal_rcc_ex.o
 .debug_abbrev  0x0000000000001a05      0x26e ./Drivers/STM32L0xx_HAL_Driver/stm32l0xx_hal_spi.o
 .debug_abbrev  0x0000000000001c73      0x2c2 ./Drivers/STM32L0xx_HAL_Driver/stm32l0xx_hal_uart.o

.debug_aranges  0x0000000000000000      0xae0
 .debug_aranges
                0x0000000000000000       0x58 ./Core/Src/main.o
 .debug_aranges
                0x0000000000000058       0xe0 ./Core/Src/rfm95.o
 .debug_aranges
                0x0000000000000138       0x40 ./Core/Src/stm32l0xx_hal_msp.o
 .debug_aranges
                0x0000000000000178       0x48 ./Core/Src/stm32l0xx_it.o
 .debug_aranges
                0x00000000000001c0       0xa8 ./Core/Src/syscalls.o
 .debug_aranges
                0x0000000000000268       0x20 ./Core/Src/sysmem.o
 .debug_aranges
                0x0000000000000288       0x28 ./Core/Src/system_stm32l0xx.o
 .debug_aranges
                0x00000000000002b0       0x28 ./Core/Startup/startup_stm32l073rztx.o
 .debug_aranges
                0x00000000000002d8      0x110 ./Drivers/STM32L0xx_HAL_Driver/stm32l0xx_hal.o
 .debug_aranges
                0x00000000000003e8       0xd8 ./Drivers/STM32L0xx_HAL_Driver/stm32l0xx_hal_cortex.o
 .debug_aranges
                0x00000000000004c0       0x58 ./Drivers/STM32L0xx_HAL_Driver/stm32l0xx_hal_gpio.o
 .debug_aranges
                0x0000000000000518       0xa0 ./Drivers/STM32L0xx_HAL_Driver/stm32l0xx_hal_pwr.o
 .debug_aranges
                0x00000000000005b8       0x80 ./Drivers/STM32L0xx_HAL_Driver/stm32l0xx_hal_rcc.o
 .debug_aranges
                0x0000000000000638       0xb0 ./Drivers/STM32L0xx_HAL_Driver/stm32l0xx_hal_rcc_ex.o
 .debug_aranges
                0x00000000000006e8      0x1d0 ./Drivers/STM32L0xx_HAL_Driver/stm32l0xx_hal_spi.o
 .debug_aranges
                0x00000000000008b8      0x228 ./Drivers/STM32L0xx_HAL_Driver/stm32l0xx_hal_uart.o

.debug_ranges   0x0000000000000000      0xa18
 .debug_ranges  0x0000000000000000       0x48 ./Core/Src/main.o
 .debug_ranges  0x0000000000000048       0xd0 ./Core/Src/rfm95.o
 .debug_ranges  0x0000000000000118       0x30 ./Core/Src/stm32l0xx_hal_msp.o
 .debug_ranges  0x0000000000000148       0x38 ./Core/Src/stm32l0xx_it.o
 .debug_ranges  0x0000000000000180       0x98 ./Core/Src/syscalls.o
 .debug_ranges  0x0000000000000218       0x10 ./Core/Src/sysmem.o
 .debug_ranges  0x0000000000000228       0x18 ./Core/Src/system_stm32l0xx.o
 .debug_ranges  0x0000000000000240       0x20 ./Core/Startup/startup_stm32l073rztx.o
 .debug_ranges  0x0000000000000260      0x100 ./Drivers/STM32L0xx_HAL_Driver/stm32l0xx_hal.o
 .debug_ranges  0x0000000000000360       0xc8 ./Drivers/STM32L0xx_HAL_Driver/stm32l0xx_hal_cortex.o
 .debug_ranges  0x0000000000000428       0x48 ./Drivers/STM32L0xx_HAL_Driver/stm32l0xx_hal_gpio.o
 .debug_ranges  0x0000000000000470       0x90 ./Drivers/STM32L0xx_HAL_Driver/stm32l0xx_hal_pwr.o
 .debug_ranges  0x0000000000000500       0x70 ./Drivers/STM32L0xx_HAL_Driver/stm32l0xx_hal_rcc.o
 .debug_ranges  0x0000000000000570       0xa0 ./Drivers/STM32L0xx_HAL_Driver/stm32l0xx_hal_rcc_ex.o
 .debug_ranges  0x0000000000000610      0x1c0 ./Drivers/STM32L0xx_HAL_Driver/stm32l0xx_hal_spi.o
 .debug_ranges  0x00000000000007d0      0x248 ./Drivers/STM32L0xx_HAL_Driver/stm32l0xx_hal_uart.o

.debug_macro    0x0000000000000000    0x15e53
 .debug_macro   0x0000000000000000      0x37a ./Core/Src/main.o
 .debug_macro   0x000000000000037a      0xa7e ./Core/Src/main.o
 .debug_macro   0x0000000000000df8      0x125 ./Core/Src/main.o
 .debug_macro   0x0000000000000f1d       0x2e ./Core/Src/main.o
 .debug_macro   0x0000000000000f4b       0x28 ./Core/Src/main.o
 .debug_macro   0x0000000000000f73       0x22 ./Core/Src/main.o
 .debug_macro   0x0000000000000f95       0x8e ./Core/Src/main.o
 .debug_macro   0x0000000000001023       0x51 ./Core/Src/main.o
 .debug_macro   0x0000000000001074      0x103 ./Core/Src/main.o
 .debug_macro   0x0000000000001177       0x6a ./Core/Src/main.o
 .debug_macro   0x00000000000011e1      0x1df ./Core/Src/main.o
 .debug_macro   0x00000000000013c0       0x1c ./Core/Src/main.o
 .debug_macro   0x00000000000013dc       0x22 ./Core/Src/main.o
 .debug_macro   0x00000000000013fe       0xb5 ./Core/Src/main.o
 .debug_macro   0x00000000000014b3      0x4da ./Core/Src/main.o
 .debug_macro   0x000000000000198d      0x11f ./Core/Src/main.o
 .debug_macro   0x0000000000001aac     0xa44c ./Core/Src/main.o
 .debug_macro   0x000000000000bef8       0x66 ./Core/Src/main.o
 .debug_macro   0x000000000000bf5e     0x355c ./Core/Src/main.o
 .debug_macro   0x000000000000f4ba      0x174 ./Core/Src/main.o
 .debug_macro   0x000000000000f62e       0x5b ./Core/Src/main.o
 .debug_macro   0x000000000000f689      0x8eb ./Core/Src/main.o
 .debug_macro   0x000000000000ff74      0xbb4 ./Core/Src/main.o
 .debug_macro   0x0000000000010b28      0x197 ./Core/Src/main.o
 .debug_macro   0x0000000000010cbf      0x13f ./Core/Src/main.o
 .debug_macro   0x0000000000010dfe      0x1d1 ./Core/Src/main.o
 .debug_macro   0x0000000000010fcf       0x82 ./Core/Src/main.o
 .debug_macro   0x0000000000011051      0x28e ./Core/Src/main.o
 .debug_macro   0x00000000000112df      0x1e9 ./Core/Src/main.o
 .debug_macro   0x00000000000114c8      0x13e ./Core/Src/main.o
 .debug_macro   0x0000000000011606      0x4b5 ./Core/Src/main.o
 .debug_macro   0x0000000000011abb      0x22c ./Core/Src/main.o
 .debug_macro   0x0000000000011ce7       0x5b ./Core/Src/main.o
 .debug_macro   0x0000000000011d42       0xa5 ./Core/Src/main.o
 .debug_macro   0x0000000000011de7      0x18d ./Core/Src/main.o
 .debug_macro   0x0000000000011f74       0x16 ./Core/Src/main.o
 .debug_macro   0x0000000000011f8a      0x22c ./Core/Src/main.o
 .debug_macro   0x00000000000121b6      0x5ba ./Core/Src/main.o
 .debug_macro   0x0000000000012770       0x44 ./Core/Src/main.o
 .debug_macro   0x00000000000127b4      0x1a2 ./Core/Src/main.o
 .debug_macro   0x0000000000012956       0x10 ./Core/Src/main.o
 .debug_macro   0x0000000000012966       0x52 ./Core/Src/main.o
 .debug_macro   0x00000000000129b8       0x18 ./Core/Src/main.o
 .debug_macro   0x00000000000129d0       0x3c ./Core/Src/main.o
 .debug_macro   0x0000000000012a0c       0x34 ./Core/Src/main.o
 .debug_macro   0x0000000000012a40       0x16 ./Core/Src/main.o
 .debug_macro   0x0000000000012a56       0x43 ./Core/Src/main.o
 .debug_macro   0x0000000000012a99       0x34 ./Core/Src/main.o
 .debug_macro   0x0000000000012acd       0x10 ./Core/Src/main.o
 .debug_macro   0x0000000000012add       0x58 ./Core/Src/main.o
 .debug_macro   0x0000000000012b35       0x71 ./Core/Src/main.o
 .debug_macro   0x0000000000012ba6       0x1c ./Core/Src/main.o
 .debug_macro   0x0000000000012bc2      0x12a ./Core/Src/main.o
 .debug_macro   0x0000000000012cec      0x333 ./Core/Src/main.o
 .debug_macro   0x000000000001301f       0x10 ./Core/Src/main.o
 .debug_macro   0x000000000001302f       0x35 ./Core/Src/main.o
 .debug_macro   0x0000000000013064       0x20 ./Core/Src/main.o
 .debug_macro   0x0000000000013084       0x22 ./Core/Src/main.o
 .debug_macro   0x00000000000130a6      0x33b ./Core/Src/main.o
 .debug_macro   0x00000000000133e1       0x1c ./Core/Src/main.o
 .debug_macro   0x00000000000133fd       0x10 ./Core/Src/main.o
 .debug_macro   0x000000000001340d       0x10 ./Core/Src/main.o
 .debug_macro   0x000000000001341d       0x1c ./Core/Src/main.o
 .debug_macro   0x0000000000013439       0x52 ./Core/Src/main.o
 .debug_macro   0x000000000001348b       0x22 ./Core/Src/main.o
 .debug_macro   0x00000000000134ad       0x10 ./Core/Src/main.o
 .debug_macro   0x00000000000134bd       0x40 ./Core/Src/main.o
 .debug_macro   0x00000000000134fd       0xd5 ./Core/Src/main.o
 .debug_macro   0x00000000000135d2       0x1c ./Core/Src/main.o
 .debug_macro   0x00000000000135ee       0x3d ./Core/Src/main.o
 .debug_macro   0x000000000001362b       0x16 ./Core/Src/main.o
 .debug_macro   0x0000000000013641      0x145 ./Core/Src/main.o
 .debug_macro   0x0000000000013786      0x1dc ./Core/Src/rfm95.o
 .debug_macro   0x0000000000013962      0x1d3 ./Core/Src/stm32l0xx_hal_msp.o
 .debug_macro   0x0000000000013b35      0x1dd ./Core/Src/stm32l0xx_it.o
 .debug_macro   0x0000000000013d12      0x24c ./Core/Src/syscalls.o
 .debug_macro   0x0000000000013f5e       0x4c ./Core/Src/syscalls.o
 .debug_macro   0x0000000000013faa       0x94 ./Core/Src/syscalls.o
 .debug_macro   0x000000000001403e       0x57 ./Core/Src/syscalls.o
 .debug_macro   0x0000000000014095      0x339 ./Core/Src/syscalls.o
 .debug_macro   0x00000000000143ce       0x10 ./Core/Src/syscalls.o
 .debug_macro   0x00000000000143de       0x10 ./Core/Src/syscalls.o
 .debug_macro   0x00000000000143ee       0x10 ./Core/Src/syscalls.o
 .debug_macro   0x00000000000143fe       0x35 ./Core/Src/syscalls.o
 .debug_macro   0x0000000000014433      0x12c ./Core/Src/syscalls.o
 .debug_macro   0x000000000001455f       0x16 ./Core/Src/syscalls.o
 .debug_macro   0x0000000000014575       0x16 ./Core/Src/syscalls.o
 .debug_macro   0x000000000001458b       0x29 ./Core/Src/syscalls.o
 .debug_macro   0x00000000000145b4       0x10 ./Core/Src/syscalls.o
 .debug_macro   0x00000000000145c4      0x241 ./Core/Src/syscalls.o
 .debug_macro   0x0000000000014805       0x10 ./Core/Src/syscalls.o
 .debug_macro   0x0000000000014815      0x189 ./Core/Src/syscalls.o
 .debug_macro   0x000000000001499e       0x16 ./Core/Src/syscalls.o
 .debug_macro   0x00000000000149b4       0xce ./Core/Src/syscalls.o
 .debug_macro   0x0000000000014a82       0xff ./Core/Src/sysmem.o
 .debug_macro   0x0000000000014b81      0x23b ./Core/Src/sysmem.o
 .debug_macro   0x0000000000014dbc      0x1c4 ./Core/Src/system_stm32l0xx.o
 .debug_macro   0x0000000000014f80      0x1e8 ./Drivers/STM32L0xx_HAL_Driver/stm32l0xx_hal.o
 .debug_macro   0x0000000000015168      0x1c4 ./Drivers/STM32L0xx_HAL_Driver/stm32l0xx_hal_cortex.o
 .debug_macro   0x000000000001532c      0x1cb ./Drivers/STM32L0xx_HAL_Driver/stm32l0xx_hal_gpio.o
 .debug_macro   0x00000000000154f7      0x1dc ./Drivers/STM32L0xx_HAL_Driver/stm32l0xx_hal_pwr.o
 .debug_macro   0x00000000000156d3      0x1fa ./Drivers/STM32L0xx_HAL_Driver/stm32l0xx_hal_rcc.o
 .debug_macro   0x00000000000158cd      0x1c4 ./Drivers/STM32L0xx_HAL_Driver/stm32l0xx_hal_rcc_ex.o
 .debug_macro   0x0000000000015a91      0x1d3 ./Drivers/STM32L0xx_HAL_Driver/stm32l0xx_hal_spi.o
 .debug_macro   0x0000000000015c64      0x1ef ./Drivers/STM32L0xx_HAL_Driver/stm32l0xx_hal_uart.o

.debug_line     0x0000000000000000     0xe5a4
 .debug_line    0x0000000000000000      0xdf9 ./Core/Src/main.o
 .debug_line    0x0000000000000df9      0xf6a ./Core/Src/rfm95.o
 .debug_line    0x0000000000001d63      0x8db ./Core/Src/stm32l0xx_hal_msp.o
 .debug_line    0x000000000000263e      0x8be ./Core/Src/stm32l0xx_it.o
 .debug_line    0x0000000000002efc      0xa56 ./Core/Src/syscalls.o
 .debug_line    0x0000000000003952      0x656 ./Core/Src/sysmem.o
 .debug_line    0x0000000000003fa8      0x8f2 ./Core/Src/system_stm32l0xx.o
 .debug_line    0x000000000000489a       0x89 ./Core/Startup/startup_stm32l073rztx.o
 .debug_line    0x0000000000004923      0xbcd ./Drivers/STM32L0xx_HAL_Driver/stm32l0xx_hal.o
 .debug_line    0x00000000000054f0      0xc9b ./Drivers/STM32L0xx_HAL_Driver/stm32l0xx_hal_cortex.o
 .debug_line    0x000000000000618b      0xc72 ./Drivers/STM32L0xx_HAL_Driver/stm32l0xx_hal_gpio.o
 .debug_line    0x0000000000006dfd      0xabc ./Drivers/STM32L0xx_HAL_Driver/stm32l0xx_hal_pwr.o
 .debug_line    0x00000000000078b9     0x1059 ./Drivers/STM32L0xx_HAL_Driver/stm32l0xx_hal_rcc.o
 .debug_line    0x0000000000008912      0xf7c ./Drivers/STM32L0xx_HAL_Driver/stm32l0xx_hal_rcc_ex.o
 .debug_line    0x000000000000988e     0x1df6 ./Drivers/STM32L0xx_HAL_Driver/stm32l0xx_hal_spi.o
 .debug_line    0x000000000000b684     0x2f20 ./Drivers/STM32L0xx_HAL_Driver/stm32l0xx_hal_uart.o

.debug_str      0x0000000000000000    0x8179b
 .debug_str     0x0000000000000000    0x7db13 ./Core/Src/main.o
                                      0x7dfbc (size before relaxing)
 .debug_str     0x000000000007db13      0x298 ./Core/Src/rfm95.o
                                      0x7963e (size before relaxing)
 .debug_str     0x000000000007ddab       0x7d ./Core/Src/stm32l0xx_hal_msp.o
                                      0x78f5e (size before relaxing)
 .debug_str     0x000000000007de28       0x8a ./Core/Src/stm32l0xx_it.o
                                      0x788f2 (size before relaxing)
 .debug_str     0x000000000007deb2     0x175a ./Core/Src/syscalls.o
                                       0x8dd1 (size before relaxing)