rfm95.c:11:6:RFM95_Init	16	static
rfm95.c:90:6:RFM95_enableReceive	16	static
rfm95.c:93:6:RFM95_mappingDIO0	16	static
rfm95.c:96:6:RFM95_setMode	24	static
rfm95.c:121:6:RFM95_setExplicitHeaderMode	24	static
rfm95.c:146:21:RFM95_setFrequency	24	static
rfm95.c:169:6:RFM95_resetBaseAddr	16	static
rfm95.c:187:21:RFM95_setLNA	24	static
rfm95.c:201:21:RFM95_setPower	24	static
rfm95.c:252:21:RFM95_setBandWidth	24	static
rfm95.c:276:21:RFM95_setSpredingFactor	24	static
rfm95.c:367:21:RFM95_setCodingRate	24	static
rfm95.c:391:21:RFM95_setPreamble	24	static
rfm95.c:407:6:RFM95_setImplicitHeaderMode	24	static
rfm95.c:430:6:RFM95_Transmit	32	static
rfm95.c:522:6:RFM95_Receive	32	static
rfm95.c:587:6:RFM95_enableCRC	24	static
rfm95.c:613:6:RFM95_accessLoraRegister	24	static
rfm95.c:635:21:RFM95_setTimeout	24	static
rfm95.c:674:9:RFM95_getRSSI	32	static
rfm95.c:691:6:RFM95_setNSS	16	static
rfm95.c:697:21:RFM95_readByteRes	32	static
rfm95.c:718:21:RFM95_readBurstRes	40	static
rfm95.c:747:21:RFM95_writeBurstRes	40	static
rfm95.c:779:21:RFM95_writeByteRes	24	static
